To honour the JVM settings for this build a single-use Daemon process will be forked. For more on this, please refer to https://docs.gradle.org/8.9/userguide/gradle_daemon.html#sec:disabling_the_daemon in the Gradle documentation.
Daemon will be stopped at the end of the build 
> Task :device-android:safety-detection:checkKotlinGradlePluginConfigurationErrors
> Task :device-android:core-model:checkKotlinGradlePluginConfigurationErrors
> Task :device-android:core-model:preBuild UP-TO-DATE
> Task :device-android:safety-detection:preBuild UP-TO-DATE
> Task :device-android:core-model:preDebugBuild UP-TO-DATE
> Task :device-android:safety-detection:preDebugBuild UP-TO-DATE
> Task :device-android:core-model:generateDebugResValues UP-TO-DATE
> Task :device-android:safety-detection:generateDebugResValues UP-TO-DATE
> Task :device-android:safety-detection:generateDebugResources UP-TO-DATE
> Task :device-android:core-model:generateDebugResources UP-TO-DATE
> Task :device-android:safety-detection:packageDebugResources UP-TO-DATE
> Task :device-android:core-model:packageDebugResources UP-TO-DATE
> Task :device-android:core-model:parseDebugLocalResources UP-TO-DATE
> Task :device-android:safety-detection:parseDebugLocalResources UP-TO-DATE
> Task :device-android:core-model:generateDebugRFile UP-TO-DATE
> Task :device-android:safety-detection:generateDebugRFile UP-TO-DATE
> Task :device-android:safety-detection:javaPreCompileDebug UP-TO-DATE
> Task :device-android:safety-detection:preDebugAndroidTestBuild UP-TO-DATE
> Task :device-android:safety-detection:writeDebugAarMetadata UP-TO-DATE
> Task :device-android:safety-detection:compileDebugLibraryResources FROM-CACHE
> Task :device-android:safety-detection:generateDebugAndroidTestResValues UP-TO-DATE
> Task :device-android:core-model:compileDebugKotlin UP-TO-DATE
> Task :device-android:core-model:javaPreCompileDebug UP-TO-DATE
> Task :device-android:core-model:compileDebugJavaWithJavac NO-SOURCE
> Task :device-android:core-model:bundleLibCompileToJarDebug UP-TO-DATE
> Task :device-android:core-model:compileDebugLibraryResources UP-TO-DATE
> Task :device-android:core-model:writeDebugAarMetadata UP-TO-DATE
> Task :device-android:core-model:extractDeepLinksDebug UP-TO-DATE
> Task :device-android:core-model:processDebugManifest UP-TO-DATE
> Task :device-android:core-model:mergeDebugShaders UP-TO-DATE
> Task :device-android:core-model:compileDebugShaders NO-SOURCE
> Task :device-android:core-model:generateDebugAssets UP-TO-DATE
> Task :device-android:core-model:packageDebugAssets UP-TO-DATE
> Task :device-android:core-model:bundleLibRuntimeToJarDebug UP-TO-DATE
> Task :device-android:core-model:processDebugJavaRes UP-TO-DATE
> Task :device-android:core-model:bundleLibRuntimeToDirDebug UP-TO-DATE
> Task :device-android:core-model:mergeDebugJniLibFolders UP-TO-DATE
> Task :device-android:core-model:mergeDebugNativeLibs NO-SOURCE
> Task :device-android:core-model:copyDebugJniLibsProjectOnly UP-TO-DATE
> Task :device-android:safety-detection:mapDebugAndroidTestSourceSetPaths
> Task :device-android:safety-detection:compileDebugKotlin UP-TO-DATE
> Task :device-android:safety-detection:compileDebugJavaWithJavac NO-SOURCE
> Task :device-android:safety-detection:bundleLibCompileToJarDebug UP-TO-DATE
> Task :device-android:safety-detection:generateDebugAndroidTestResources FROM-CACHE
> Task :device-android:safety-detection:checkDebugAndroidTestAarMetadata
> Task :device-android:safety-detection:extractDeepLinksDebug FROM-CACHE
> Task :device-android:safety-detection:processDebugManifest UP-TO-DATE
> Task :device-android:safety-detection:processDebugAndroidTestManifest
> Task :device-android:safety-detection:javaPreCompileDebugAndroidTest FROM-CACHE
> Task :device-android:safety-detection:mergeDebugAndroidTestShaders
> Task :device-android:safety-detection:compileDebugAndroidTestShaders NO-SOURCE
> Task :device-android:safety-detection:generateDebugAndroidTestAssets UP-TO-DATE
> Task :device-android:safety-detection:mergeDebugShaders UP-TO-DATE
> Task :device-android:safety-detection:compileDebugShaders NO-SOURCE
> Task :device-android:safety-detection:generateDebugAssets UP-TO-DATE
> Task :device-android:safety-detection:packageDebugAssets UP-TO-DATE
> Task :device-android:safety-detection:mergeDebugAndroidTestResources
> Task :device-android:safety-detection:mergeDebugAndroidTestAssets
> Task :device-android:safety-detection:compressDebugAndroidTestAssets FROM-CACHE
> Task :device-android:safety-detection:bundleLibRuntimeToJarDebug UP-TO-DATE
> Task :device-android:safety-detection:desugarDebugAndroidTestFileDependencies FROM-CACHE
> Task :device-android:safety-detection:processDebugJavaRes UP-TO-DATE
> Task :device-android:safety-detection:checkDebugAndroidTestDuplicateClasses
> Task :device-android:safety-detection:mergeDebugJniLibFolders UP-TO-DATE
> Task :device-android:safety-detection:mergeDebugNativeLibs NO-SOURCE
> Task :device-android:safety-detection:bundleLibRuntimeToDirDebug
> Task :device-android:safety-detection:copyDebugJniLibsProjectOnly
> Task :device-android:safety-detection:mergeDebugAndroidTestJniLibFolders
> Task :device-android:safety-detection:mergeDebugAndroidTestNativeLibs NO-SOURCE
> Task :device-android:safety-detection:stripDebugAndroidTestDebugSymbols NO-SOURCE
> Task :device-android:safety-detection:validateSigningDebugAndroidTest
> Task :device-android:safety-detection:writeDebugAndroidTestSigningConfigVersions
> Task :device-android:safety-detection:processDebugAndroidTestResources
> Task :device-android:safety-detection:compileDebugAndroidTestKotlin
> Task :device-android:safety-detection:compileDebugAndroidTestJavaWithJavac NO-SOURCE
> Task :device-android:safety-detection:dexBuilderDebugAndroidTest
> Task :device-android:safety-detection:processDebugAndroidTestJavaRes
> Task :device-android:safety-detection:mergeProjectDexDebugAndroidTest
> Task :device-android:safety-detection:mergeDebugAndroidTestGlobalSynthetics FROM-CACHE
> Task :device-android:safety-detection:mergeLibDexDebugAndroidTest
> Task :device-android:safety-detection:mergeDebugAndroidTestJavaResource
> Task :device-android:safety-detection:mergeExtDexDebugAndroidTest
> Task :device-android:safety-detection:packageDebugAndroidTest
> Task :device-android:safety-detection:createDebugAndroidTestApkListingFileRedirect

> Task :device-android:safety-detection:connectedDebugAndroidTest
Starting 1 tests on QUAD-CORE H618 p1 - 12

Finished 1 tests on QUAD-CORE H618 p1 - 12

BUILD SUCCESSFUL in 17s
67 actionable tasks: 25 executed, 7 from cache, 35 up-to-date
