To honour the JVM settings for this build a single-use Daemon process will be forked. For more on this, please refer to https://docs.gradle.org/8.9/userguide/gradle_daemon.html#sec:disabling_the_daemon in the Gradle documentation.
Daemon will be stopped at the end of the build 
> Task :device-android:hardware-api:preBuild UP-TO-DATE
> Task :device-android:hardware-api:preDebugBuild UP-TO-DATE
> Task :device-android:alert-sync:checkKotlinGradlePluginConfigurationErrors
> Task :device-android:core-model:checkKotlinGradlePluginConfigurationErrors
> Task :device-android:location-sync:checkKotlinGradlePluginConfigurationErrors
> Task :device-android:core-protocol:checkKotlinGradlePluginConfigurationErrors
> Task :device-android:data-local:checkKotlinGradlePluginConfigurationErrors
> Task :device-android:feature-connectivity:checkKotlinGradlePluginConfigurationErrors
> Task :device-android:communication-sync:checkKotlinGradlePluginConfigurationErrors
> Task :device-android:feature-location:checkKotlinGradlePluginConfigurationErrors
> Task :device-android:feature-camera:checkKotlinGradlePluginConfigurationErrors
> Task :device-android:data-local:preBuild UP-TO-DATE
> Task :device-android:feature-connectivity:preBuild UP-TO-DATE
> Task :device-android:communication-sync:preBuild UP-TO-DATE
> Task :device-android:core-protocol:preBuild UP-TO-DATE
> Task :device-android:feature-connectivity:preDebugBuild UP-TO-DATE
> Task :device-android:location-sync:preBuild UP-TO-DATE
> Task :device-android:location-sync:preDebugBuild UP-TO-DATE
> Task :device-android:feature-camera:preBuild UP-TO-DATE
> Task :device-android:alert-sync:preBuild UP-TO-DATE
> Task :device-android:communication-sync:preDebugBuild UP-TO-DATE
> Task :device-android:feature-camera:preDebugBuild UP-TO-DATE
> Task :device-android:alert-sync:preDebugBuild UP-TO-DATE
> Task :device-android:feature-location:preBuild UP-TO-DATE
> Task :device-android:core-model:preBuild UP-TO-DATE
> Task :device-android:data-local:preDebugBuild UP-TO-DATE
> Task :device-android:core-protocol:preDebugBuild UP-TO-DATE
> Task :device-android:feature-location:preDebugBuild UP-TO-DATE
> Task :device-android:core-model:preDebugBuild UP-TO-DATE
> Task :device-android:core-model:generateDebugResValues UP-TO-DATE
> Task :device-android:location-sync:generateDebugResValues UP-TO-DATE
> Task :device-android:alert-sync:generateDebugResValues UP-TO-DATE
> Task :device-android:feature-connectivity:generateDebugResValues UP-TO-DATE
> Task :device-android:core-protocol:generateDebugResValues UP-TO-DATE
> Task :device-android:communication-sync:generateDebugResValues UP-TO-DATE
> Task :device-android:feature-location:generateDebugResValues UP-TO-DATE
> Task :device-android:feature-camera:generateDebugResValues UP-TO-DATE
> Task :device-android:data-local:generateDebugResValues UP-TO-DATE
> Task :device-android:core-protocol:generateDebugResources UP-TO-DATE
> Task :device-android:location-sync:generateDebugResources UP-TO-DATE
> Task :device-android:data-local:generateDebugResources UP-TO-DATE
> Task :device-android:core-model:generateDebugResources UP-TO-DATE
> Task :device-android:feature-camera:generateDebugResources UP-TO-DATE
> Task :device-android:feature-location:generateDebugResources UP-TO-DATE
> Task :device-android:alert-sync:generateDebugResources UP-TO-DATE
> Task :device-android:feature-connectivity:generateDebugResources UP-TO-DATE
> Task :device-android:communication-sync:generateDebugResources UP-TO-DATE
> Task :device-android:feature-connectivity:javaPreCompileDebug UP-TO-DATE
> Task :device-android:media-sync:checkKotlinGradlePluginConfigurationErrors
> Task :device-android:media-sync:preBuild UP-TO-DATE
> Task :device-android:media-sync:preDebugBuild UP-TO-DATE
> Task :device-android:media-sync:generateDebugResValues UP-TO-DATE
> Task :device-android:media-sync:generateDebugResources UP-TO-DATE
> Task :device-android:location-sync:packageDebugResources UP-TO-DATE
> Task :device-android:core-protocol:packageDebugResources UP-TO-DATE
> Task :device-android:core-model:packageDebugResources UP-TO-DATE
> Task :device-android:alert-sync:packageDebugResources UP-TO-DATE
> Task :device-android:feature-location:packageDebugResources UP-TO-DATE
> Task :device-android:data-local:packageDebugResources UP-TO-DATE
> Task :device-android:communication-sync:packageDebugResources UP-TO-DATE
> Task :device-android:feature-camera:packageDebugResources UP-TO-DATE
> Task :device-android:media-sync:javaPreCompileDebug UP-TO-DATE
> Task :device-android:feature-connectivity:packageDebugResources UP-TO-DATE
> Task :device-android:feature-location:parseDebugLocalResources UP-TO-DATE
> Task :device-android:core-protocol:parseDebugLocalResources UP-TO-DATE
> Task :device-android:alert-sync:parseDebugLocalResources UP-TO-DATE
> Task :device-android:data-local:parseDebugLocalResources UP-TO-DATE
> Task :device-android:communication-sync:parseDebugLocalResources UP-TO-DATE
> Task :device-android:feature-camera:parseDebugLocalResources UP-TO-DATE
> Task :device-android:core-model:parseDebugLocalResources UP-TO-DATE
> Task :device-android:location-sync:parseDebugLocalResources UP-TO-DATE
> Task :device-android:feature-connectivity:parseDebugLocalResources UP-TO-DATE
> Task :device-android:feature-camera:generateDebugRFile UP-TO-DATE
> Task :device-android:data-local:generateDebugRFile UP-TO-DATE
> Task :device-android:feature-location:generateDebugRFile UP-TO-DATE
> Task :device-android:alert-sync:generateDebugRFile UP-TO-DATE
> Task :device-android:communication-sync:generateDebugRFile UP-TO-DATE
> Task :device-android:core-protocol:generateDebugRFile UP-TO-DATE
> Task :device-android:core-model:generateDebugRFile UP-TO-DATE
> Task :device-android:feature-connectivity:generateDebugRFile UP-TO-DATE
> Task :device-android:feature-camera:javaPreCompileDebug UP-TO-DATE
> Task :device-android:feature-location:javaPreCompileDebug UP-TO-DATE
> Task :device-android:alert-sync:javaPreCompileDebug UP-TO-DATE
> Task :device-android:core-protocol:javaPreCompileDebug UP-TO-DATE
> Task :device-android:communication-sync:javaPreCompileDebug UP-TO-DATE
> Task :device-android:webrtc-runtime:checkKotlinGradlePluginConfigurationErrors
> Task :device-android:service-runtime:checkKotlinGradlePluginConfigurationErrors
> Task :device-android:webrtc-runtime:preBuild UP-TO-DATE
> Task :device-android:service-runtime:preBuild UP-TO-DATE
> Task :device-android:webrtc-runtime:preDebugBuild UP-TO-DATE
> Task :device-android:service-runtime:preDebugBuild UP-TO-DATE
> Task :device-android:webrtc-runtime:generateDebugResValues UP-TO-DATE
> Task :device-android:service-runtime:generateDebugResValues UP-TO-DATE
> Task :device-android:media-sync:packageDebugResources UP-TO-DATE
> Task :device-android:webrtc-runtime:generateDebugResources UP-TO-DATE
> Task :device-android:service-runtime:generateDebugResources UP-TO-DATE
> Task :device-android:location-sync:generateDebugRFile UP-TO-DATE
> Task :device-android:media-sync:parseDebugLocalResources UP-TO-DATE
> Task :device-android:location-sync:javaPreCompileDebug UP-TO-DATE
> Task :device-android:webrtc-runtime:packageDebugResources UP-TO-DATE
> Task :device-android:service-runtime:packageDebugResources UP-TO-DATE
> Task :device-android:media-sync:generateDebugRFile UP-TO-DATE
> Task :device-android:webrtc-runtime:parseDebugLocalResources UP-TO-DATE
> Task :device-android:service-runtime:parseDebugLocalResources UP-TO-DATE
> Task :device-android:service-runtime:generateDebugRFile UP-TO-DATE
> Task :device-android:webrtc-runtime:generateDebugRFile UP-TO-DATE
> Task :device-android:webrtc-runtime:javaPreCompileDebug UP-TO-DATE
> Task :device-android:data-local:javaPreCompileDebug UP-TO-DATE
> Task :device-android:core-model:compileDebugKotlin UP-TO-DATE
> Task :device-android:core-model:javaPreCompileDebug UP-TO-DATE
> Task :device-android:core-model:compileDebugJavaWithJavac NO-SOURCE
> Task :device-android:core-model:bundleLibCompileToJarDebug UP-TO-DATE
> Task :device-android:hardware-api:compileDebugAidl UP-TO-DATE
> Task :device-android:hardware-api:checkKotlinGradlePluginConfigurationErrors
> Task :device-android:core-protocol:compileDebugKotlin UP-TO-DATE
> Task :device-android:location-sync:compileDebugKotlin UP-TO-DATE
> Task :device-android:media-sync:compileDebugKotlin UP-TO-DATE
> Task :device-android:core-protocol:compileDebugJavaWithJavac NO-SOURCE
> Task :device-android:location-sync:compileDebugJavaWithJavac NO-SOURCE
> Task :device-android:alert-sync:compileDebugKotlin UP-TO-DATE
> Task :device-android:core-protocol:bundleLibCompileToJarDebug UP-TO-DATE
> Task :device-android:location-sync:bundleLibCompileToJarDebug UP-TO-DATE
> Task :device-android:hardware-api:generateDebugResValues UP-TO-DATE
> Task :device-android:media-sync:compileDebugJavaWithJavac NO-SOURCE
> Task :device-android:alert-sync:compileDebugJavaWithJavac NO-SOURCE
> Task :device-android:hardware-api:generateDebugResources UP-TO-DATE
> Task :device-android:media-sync:bundleLibCompileToJarDebug UP-TO-DATE
> Task :device-android:alert-sync:bundleLibCompileToJarDebug UP-TO-DATE
> Task :device-android:communication-sync:compileDebugKotlin UP-TO-DATE
> Task :device-android:communication-sync:compileDebugJavaWithJavac NO-SOURCE
> Task :device-android:hardware-api:packageDebugResources UP-TO-DATE
> Task :device-android:communication-sync:bundleLibCompileToJarDebug UP-TO-DATE
> Task :device-android:hardware-api:parseDebugLocalResources UP-TO-DATE
> Task :device-android:feature-location:compileDebugKotlin UP-TO-DATE
> Task :device-android:webrtc-runtime:compileDebugKotlin UP-TO-DATE
> Task :device-android:feature-location:compileDebugJavaWithJavac NO-SOURCE
> Task :device-android:webrtc-runtime:compileDebugJavaWithJavac NO-SOURCE
> Task :device-android:hardware-api:generateDebugRFile UP-TO-DATE
> Task :device-android:feature-connectivity:compileDebugKotlin UP-TO-DATE
> Task :device-android:feature-location:bundleLibCompileToJarDebug UP-TO-DATE
> Task :device-android:webrtc-runtime:bundleLibCompileToJarDebug UP-TO-DATE
> Task :device-android:feature-connectivity:compileDebugJavaWithJavac NO-SOURCE
> Task :device-android:feature-connectivity:bundleLibCompileToJarDebug UP-TO-DATE
> Task :device-android:data-local:kaptGenerateStubsDebugKotlin UP-TO-DATE
> Task :device-android:hardware-api:compileDebugKotlin UP-TO-DATE
> Task :device-android:hardware-api:javaPreCompileDebug UP-TO-DATE
> Task :device-android:hardware-api:compileDebugJavaWithJavac UP-TO-DATE
> Task :device-android:hardware-api:bundleLibCompileToJarDebug UP-TO-DATE
> Task :device-android:data-local:kaptDebugKotlin UP-TO-DATE
> Task :device-android:data-local:compileDebugKotlin UP-TO-DATE
> Task :device-android:data-local:compileDebugJavaWithJavac UP-TO-DATE
> Task :device-android:data-local:bundleLibCompileToJarDebug UP-TO-DATE
> Task :device-android:feature-camera:compileDebugKotlin UP-TO-DATE
> Task :device-android:feature-camera:compileDebugJavaWithJavac NO-SOURCE
> Task :device-android:feature-camera:bundleLibCompileToJarDebug UP-TO-DATE
> Task :device-android:service-runtime:compileDebugKotlin

Deprecated Gradle features were used in this build, making it incompatible with Gradle 9.0.

You can use '--warning-mode all' to show the individual deprecation warnings and determine if they come from your own scripts or plugins.

For more on this, please refer to https://docs.gradle.org/8.9/userguide/command_line_interface.html#sec:command_line_warnings in the Gradle documentation.

BUILD SUCCESSFUL in 7s
120 actionable tasks: 14 executed, 106 up-to-date
