To honour the JVM settings for this build a single-use Daemon process will be forked. For more on this, please refer to https://docs.gradle.org/8.9/userguide/gradle_daemon.html#sec:disabling_the_daemon in the Gradle documentation.
Daemon will be stopped at the end of the build 
> Task :device-android:hardware-api:preBuild UP-TO-DATE
> Task :device-android:hardware-api:preDebugBuild UP-TO-DATE
> Task :device-android:core-protocol:checkKotlinGradlePluginConfigurationErrors
> Task :device-android:alert-sync:checkKotlinGradlePluginConfigurationErrors
> Task :device-android:location-sync:checkKotlinGradlePluginConfigurationErrors
> Task :device-android:feature-connectivity:checkKotlinGradlePluginConfigurationErrors
> Task :device-android:feature-camera:checkKotlinGradlePluginConfigurationErrors
> Task :device-android:communication-sync:checkKotlinGradlePluginConfigurationErrors
> Task :device-android:core-model:checkKotlinGradlePluginConfigurationErrors
> Task :device-android:data-local:checkKotlinGradlePluginConfigurationErrors
> Task :device-android:feature-location:checkKotlinGradlePluginConfigurationErrors
> Task :device-android:core-protocol:preBuild UP-TO-DATE
> Task :device-android:core-model:preBuild UP-TO-DATE
> Task :device-android:data-local:preBuild UP-TO-DATE
> Task :device-android:feature-connectivity:preBuild UP-TO-DATE
> Task :device-android:feature-location:preBuild UP-TO-DATE
> Task :device-android:alert-sync:preBuild UP-TO-DATE
> Task :device-android:core-protocol:preDebugBuild UP-TO-DATE
> Task :device-android:data-local:preDebugBuild UP-TO-DATE
> Task :device-android:feature-camera:preBuild UP-TO-DATE
> Task :device-android:communication-sync:preBuild UP-TO-DATE
> Task :device-android:core-model:preDebugBuild UP-TO-DATE
> Task :device-android:location-sync:preBuild UP-TO-DATE
> Task :device-android:feature-location:preDebugBuild UP-TO-DATE
> Task :device-android:alert-sync:preDebugBuild UP-TO-DATE
> Task :device-android:feature-camera:preDebugBuild UP-TO-DATE
> Task :device-android:communication-sync:preDebugBuild UP-TO-DATE
> Task :device-android:feature-connectivity:preDebugBuild UP-TO-DATE
> Task :device-android:location-sync:preDebugBuild UP-TO-DATE
> Task :device-android:core-protocol:generateDebugResValues UP-TO-DATE
> Task :device-android:location-sync:generateDebugResValues UP-TO-DATE
> Task :device-android:data-local:generateDebugResValues UP-TO-DATE
> Task :device-android:core-model:generateDebugResValues UP-TO-DATE
> Task :device-android:feature-location:generateDebugResValues UP-TO-DATE
> Task :device-android:feature-connectivity:generateDebugResValues UP-TO-DATE
> Task :device-android:alert-sync:generateDebugResValues UP-TO-DATE
> Task :device-android:communication-sync:generateDebugResValues UP-TO-DATE
> Task :device-android:feature-camera:generateDebugResValues UP-TO-DATE
> Task :device-android:communication-sync:generateDebugResources UP-TO-DATE
> Task :device-android:location-sync:generateDebugResources UP-TO-DATE
> Task :device-android:feature-camera:generateDebugResources UP-TO-DATE
> Task :device-android:alert-sync:generateDebugResources UP-TO-DATE
> Task :device-android:core-model:generateDebugResources UP-TO-DATE
> Task :device-android:core-protocol:generateDebugResources UP-TO-DATE
> Task :device-android:feature-location:generateDebugResources UP-TO-DATE
> Task :device-android:data-local:generateDebugResources UP-TO-DATE
> Task :device-android:feature-connectivity:generateDebugResources UP-TO-DATE
> Task :device-android:core-protocol:javaPreCompileDebug UP-TO-DATE
> Task :device-android:media-sync:checkKotlinGradlePluginConfigurationErrors
> Task :device-android:media-sync:preBuild UP-TO-DATE
> Task :device-android:media-sync:preDebugBuild UP-TO-DATE
> Task :device-android:media-sync:generateDebugResValues UP-TO-DATE
> Task :device-android:media-sync:generateDebugResources UP-TO-DATE
> Task :device-android:feature-connectivity:packageDebugResources UP-TO-DATE
> Task :device-android:feature-location:packageDebugResources UP-TO-DATE
> Task :device-android:location-sync:packageDebugResources UP-TO-DATE
> Task :device-android:feature-camera:packageDebugResources UP-TO-DATE
> Task :device-android:communication-sync:packageDebugResources UP-TO-DATE
> Task :device-android:alert-sync:packageDebugResources UP-TO-DATE
> Task :device-android:core-model:packageDebugResources UP-TO-DATE
> Task :device-android:data-local:packageDebugResources UP-TO-DATE
> Task :device-android:media-sync:javaPreCompileDebug UP-TO-DATE
> Task :device-android:core-protocol:packageDebugResources UP-TO-DATE
> Task :device-android:alert-sync:parseDebugLocalResources UP-TO-DATE
> Task :device-android:core-protocol:parseDebugLocalResources UP-TO-DATE
> Task :device-android:feature-location:parseDebugLocalResources UP-TO-DATE
> Task :device-android:feature-connectivity:parseDebugLocalResources UP-TO-DATE
> Task :device-android:core-model:parseDebugLocalResources UP-TO-DATE
> Task :device-android:location-sync:parseDebugLocalResources UP-TO-DATE
> Task :device-android:communication-sync:parseDebugLocalResources UP-TO-DATE
> Task :device-android:feature-camera:parseDebugLocalResources UP-TO-DATE
> Task :device-android:data-local:parseDebugLocalResources UP-TO-DATE
> Task :device-android:feature-connectivity:generateDebugRFile UP-TO-DATE
> Task :device-android:core-protocol:generateDebugRFile UP-TO-DATE
> Task :device-android:feature-camera:generateDebugRFile UP-TO-DATE
> Task :device-android:alert-sync:generateDebugRFile UP-TO-DATE
> Task :device-android:data-local:generateDebugRFile UP-TO-DATE
> Task :device-android:feature-camera:javaPreCompileDebug UP-TO-DATE
> Task :device-android:core-model:generateDebugRFile UP-TO-DATE
> Task :device-android:communication-sync:generateDebugRFile UP-TO-DATE
> Task :device-android:alert-sync:javaPreCompileDebug UP-TO-DATE
> Task :device-android:feature-location:generateDebugRFile UP-TO-DATE
> Task :device-android:location-sync:generateDebugRFile UP-TO-DATE
> Task :device-android:service-runtime:checkKotlinGradlePluginConfigurationErrors
> Task :device-android:service-runtime:preBuild UP-TO-DATE
> Task :device-android:webrtc-runtime:checkKotlinGradlePluginConfigurationErrors
> Task :device-android:service-runtime:preDebugBuild UP-TO-DATE
> Task :device-android:webrtc-runtime:preBuild UP-TO-DATE
> Task :device-android:webrtc-runtime:preDebugBuild UP-TO-DATE
> Task :device-android:service-runtime:generateDebugResValues UP-TO-DATE
> Task :device-android:communication-sync:javaPreCompileDebug UP-TO-DATE
> Task :device-android:webrtc-runtime:generateDebugResValues UP-TO-DATE
> Task :device-android:feature-location:javaPreCompileDebug UP-TO-DATE
> Task :device-android:location-sync:javaPreCompileDebug UP-TO-DATE
> Task :device-android:service-runtime:generateDebugResources UP-TO-DATE
> Task :device-android:webrtc-runtime:generateDebugResources UP-TO-DATE
> Task :device-android:alert-sync:compileDebugLibraryResources UP-TO-DATE
> Task :device-android:media-sync:packageDebugResources UP-TO-DATE
> Task :device-android:core-protocol:compileDebugLibraryResources UP-TO-DATE
> Task :device-android:communication-sync:compileDebugLibraryResources UP-TO-DATE
> Task :device-android:feature-camera:compileDebugLibraryResources UP-TO-DATE
> Task :device-android:feature-location:compileDebugLibraryResources UP-TO-DATE
> Task :device-android:location-sync:compileDebugLibraryResources UP-TO-DATE
> Task :device-android:media-sync:parseDebugLocalResources UP-TO-DATE
> Task :device-android:alert-sync:writeDebugAarMetadata UP-TO-DATE
> Task :device-android:communication-sync:writeDebugAarMetadata UP-TO-DATE
> Task :device-android:core-protocol:writeDebugAarMetadata UP-TO-DATE
> Task :device-android:webrtc-runtime:packageDebugResources UP-TO-DATE
> Task :device-android:location-sync:writeDebugAarMetadata UP-TO-DATE
> Task :device-android:feature-location:writeDebugAarMetadata UP-TO-DATE
> Task :device-android:service-runtime:packageDebugResources UP-TO-DATE
> Task :device-android:media-sync:generateDebugRFile UP-TO-DATE
> Task :device-android:feature-camera:writeDebugAarMetadata UP-TO-DATE
> Task :device-android:webrtc-runtime:parseDebugLocalResources UP-TO-DATE
> Task :device-android:media-sync:compileDebugLibraryResources UP-TO-DATE
> Task :device-android:communication-sync:extractDeepLinksDebug UP-TO-DATE
> Task :device-android:alert-sync:extractDeepLinksDebug UP-TO-DATE
> Task :device-android:service-runtime:parseDebugLocalResources UP-TO-DATE
> Task :device-android:core-protocol:extractDeepLinksDebug UP-TO-DATE
> Task :device-android:media-sync:writeDebugAarMetadata UP-TO-DATE
> Task :device-android:feature-camera:extractDeepLinksDebug UP-TO-DATE
> Task :device-android:webrtc-runtime:generateDebugRFile UP-TO-DATE
> Task :device-android:service-runtime:generateDebugRFile UP-TO-DATE
> Task :device-android:webrtc-runtime:javaPreCompileDebug UP-TO-DATE
> Task :device-android:service-runtime:javaPreCompileDebug UP-TO-DATE
> Task :device-android:webrtc-runtime:writeDebugAarMetadata UP-TO-DATE
> Task :device-android:service-runtime:preDebugAndroidTestBuild UP-TO-DATE
> Task :device-android:feature-camera:processDebugManifest UP-TO-DATE
> Task :device-android:core-protocol:processDebugManifest UP-TO-DATE
> Task :device-android:feature-location:extractDeepLinksDebug UP-TO-DATE
> Task :device-android:location-sync:extractDeepLinksDebug UP-TO-DATE
> Task :device-android:service-runtime:writeDebugAarMetadata UP-TO-DATE
> Task :device-android:media-sync:extractDeepLinksDebug UP-TO-DATE
> Task :device-android:service-runtime:compileDebugLibraryResources UP-TO-DATE
> Task :device-android:service-runtime:generateDebugAndroidTestResValues UP-TO-DATE
> Task :device-android:service-runtime:generateDebugAndroidTestResources UP-TO-DATE
> Task :device-android:media-sync:processDebugManifest UP-TO-DATE
> Task :device-android:location-sync:processDebugManifest UP-TO-DATE
> Task :device-android:alert-sync:processDebugManifest UP-TO-DATE
> Task :device-android:feature-location:processDebugManifest UP-TO-DATE
> Task :device-android:webrtc-runtime:extractDeepLinksDebug UP-TO-DATE
> Task :device-android:service-runtime:extractDeepLinksDebug UP-TO-DATE
> Task :device-android:core-protocol:mergeDebugShaders UP-TO-DATE
> Task :device-android:communication-sync:processDebugManifest UP-TO-DATE
> Task :device-android:alert-sync:mergeDebugShaders UP-TO-DATE
> Task :device-android:communication-sync:mergeDebugShaders UP-TO-DATE
> Task :device-android:alert-sync:compileDebugShaders NO-SOURCE
> Task :device-android:feature-camera:mergeDebugShaders UP-TO-DATE
> Task :device-android:alert-sync:generateDebugAssets UP-TO-DATE
> Task :device-android:communication-sync:compileDebugShaders NO-SOURCE
> Task :device-android:communication-sync:generateDebugAssets UP-TO-DATE
> Task :device-android:core-protocol:compileDebugShaders NO-SOURCE
> Task :device-android:core-protocol:generateDebugAssets UP-TO-DATE
> Task :device-android:feature-camera:compileDebugShaders NO-SOURCE
> Task :device-android:feature-camera:generateDebugAssets UP-TO-DATE
> Task :device-android:core-protocol:packageDebugAssets UP-TO-DATE
> Task :device-android:communication-sync:packageDebugAssets UP-TO-DATE
> Task :device-android:alert-sync:packageDebugAssets UP-TO-DATE
> Task :device-android:webrtc-runtime:processDebugManifest UP-TO-DATE
> Task :device-android:feature-camera:packageDebugAssets UP-TO-DATE
> Task :device-android:feature-location:mergeDebugShaders UP-TO-DATE
> Task :device-android:location-sync:mergeDebugShaders UP-TO-DATE
> Task :device-android:webrtc-runtime:compileDebugLibraryResources UP-TO-DATE
> Task :device-android:media-sync:mergeDebugShaders UP-TO-DATE
> Task :device-android:alert-sync:mergeDebugJniLibFolders UP-TO-DATE
> Task :device-android:webrtc-runtime:mergeDebugShaders UP-TO-DATE
> Task :device-android:feature-location:compileDebugShaders NO-SOURCE
> Task :device-android:feature-location:generateDebugAssets UP-TO-DATE
> Task :device-android:media-sync:compileDebugShaders NO-SOURCE
> Task :device-android:media-sync:generateDebugAssets UP-TO-DATE
> Task :device-android:location-sync:compileDebugShaders NO-SOURCE
> Task :device-android:location-sync:generateDebugAssets UP-TO-DATE
> Task :device-android:webrtc-runtime:compileDebugShaders NO-SOURCE
> Task :device-android:alert-sync:mergeDebugNativeLibs NO-SOURCE
> Task :device-android:webrtc-runtime:generateDebugAssets UP-TO-DATE
> Task :device-android:media-sync:packageDebugAssets UP-TO-DATE
> Task :device-android:location-sync:packageDebugAssets UP-TO-DATE
> Task :device-android:webrtc-runtime:packageDebugAssets UP-TO-DATE
> Task :device-android:alert-sync:copyDebugJniLibsProjectOnly UP-TO-DATE
> Task :device-android:communication-sync:mergeDebugJniLibFolders UP-TO-DATE
> Task :device-android:core-protocol:mergeDebugJniLibFolders UP-TO-DATE
> Task :device-android:feature-camera:mergeDebugJniLibFolders UP-TO-DATE
> Task :device-android:location-sync:mergeDebugJniLibFolders UP-TO-DATE
> Task :device-android:communication-sync:mergeDebugNativeLibs NO-SOURCE
> Task :device-android:location-sync:mergeDebugNativeLibs NO-SOURCE
> Task :device-android:communication-sync:copyDebugJniLibsProjectOnly UP-TO-DATE
> Task :device-android:core-protocol:mergeDebugNativeLibs NO-SOURCE
> Task :device-android:feature-camera:mergeDebugNativeLibs NO-SOURCE
> Task :device-android:data-local:javaPreCompileDebug UP-TO-DATE
> Task :device-android:location-sync:copyDebugJniLibsProjectOnly UP-TO-DATE
> Task :device-android:core-protocol:copyDebugJniLibsProjectOnly UP-TO-DATE
> Task :device-android:data-local:compileDebugLibraryResources UP-TO-DATE
> Task :device-android:feature-camera:copyDebugJniLibsProjectOnly UP-TO-DATE
> Task :device-android:webrtc-runtime:mergeDebugJniLibFolders UP-TO-DATE
> Task :device-android:data-local:writeDebugAarMetadata UP-TO-DATE
> Task :device-android:webrtc-runtime:mergeDebugNativeLibs NO-SOURCE
> Task :device-android:feature-location:packageDebugAssets UP-TO-DATE
> Task :device-android:data-local:extractDeepLinksDebug UP-TO-DATE
> Task :device-android:media-sync:mergeDebugJniLibFolders UP-TO-DATE
> Task :device-android:service-runtime:processDebugManifest UP-TO-DATE
> Task :device-android:webrtc-runtime:copyDebugJniLibsProjectOnly UP-TO-DATE
> Task :device-android:feature-location:mergeDebugJniLibFolders UP-TO-DATE
> Task :device-android:service-runtime:javaPreCompileDebugAndroidTest UP-TO-DATE
> Task :device-android:media-sync:mergeDebugNativeLibs NO-SOURCE
> Task :device-android:feature-location:mergeDebugNativeLibs NO-SOURCE
> Task :device-android:media-sync:copyDebugJniLibsProjectOnly UP-TO-DATE
> Task :device-android:data-local:processDebugManifest UP-TO-DATE
> Task :device-android:service-runtime:mergeDebugAndroidTestShaders UP-TO-DATE
> Task :device-android:feature-location:copyDebugJniLibsProjectOnly UP-TO-DATE
> Task :device-android:service-runtime:compileDebugAndroidTestShaders NO-SOURCE
> Task :device-android:service-runtime:generateDebugAndroidTestAssets UP-TO-DATE
> Task :device-android:hardware-api:compileDebugAidl UP-TO-DATE
> Task :device-android:data-local:mergeDebugShaders UP-TO-DATE
> Task :device-android:hardware-api:checkKotlinGradlePluginConfigurationErrors
> Task :device-android:data-local:compileDebugShaders NO-SOURCE
> Task :device-android:data-local:generateDebugAssets UP-TO-DATE
> Task :device-android:service-runtime:mergeDebugShaders UP-TO-DATE
> Task :device-android:hardware-api:generateDebugResValues UP-TO-DATE
> Task :device-android:service-runtime:compileDebugShaders NO-SOURCE
> Task :device-android:service-runtime:generateDebugAssets UP-TO-DATE
> Task :device-android:hardware-api:generateDebugResources UP-TO-DATE
> Task :device-android:data-local:packageDebugAssets UP-TO-DATE
> Task :device-android:service-runtime:packageDebugAssets UP-TO-DATE
> Task :device-android:data-local:mergeDebugJniLibFolders UP-TO-DATE
> Task :device-android:hardware-api:packageDebugResources UP-TO-DATE
> Task :device-android:core-model:compileDebugKotlin UP-TO-DATE
> Task :device-android:data-local:mergeDebugNativeLibs NO-SOURCE
> Task :device-android:data-local:copyDebugJniLibsProjectOnly UP-TO-DATE
> Task :device-android:core-model:javaPreCompileDebug UP-TO-DATE
> Task :device-android:hardware-api:parseDebugLocalResources UP-TO-DATE
> Task :device-android:feature-connectivity:compileDebugKotlin UP-TO-DATE
> Task :device-android:hardware-api:generateDebugRFile UP-TO-DATE
> Task :device-android:core-model:compileDebugJavaWithJavac NO-SOURCE
> Task :device-android:feature-connectivity:javaPreCompileDebug UP-TO-DATE
> Task :device-android:hardware-api:javaPreCompileDebug UP-TO-DATE
> Task :device-android:core-model:bundleLibCompileToJarDebug UP-TO-DATE
> Task :device-android:hardware-api:compileDebugLibraryResources UP-TO-DATE
> Task :device-android:feature-connectivity:compileDebugJavaWithJavac NO-SOURCE
> Task :device-android:feature-connectivity:bundleLibCompileToJarDebug UP-TO-DATE
> Task :device-android:core-model:compileDebugLibraryResources UP-TO-DATE
> Task :device-android:feature-connectivity:compileDebugLibraryResources UP-TO-DATE
> Task :device-android:core-model:writeDebugAarMetadata UP-TO-DATE
> Task :device-android:feature-connectivity:writeDebugAarMetadata UP-TO-DATE
> Task :device-android:hardware-api:writeDebugAarMetadata UP-TO-DATE
> Task :device-android:core-model:extractDeepLinksDebug UP-TO-DATE
> Task :device-android:core-model:processDebugManifest UP-TO-DATE
> Task :device-android:alert-sync:compileDebugKotlin UP-TO-DATE
> Task :device-android:feature-connectivity:extractDeepLinksDebug UP-TO-DATE
> Task :device-android:core-protocol:compileDebugKotlin UP-TO-DATE
> Task :device-android:alert-sync:compileDebugJavaWithJavac NO-SOURCE
> Task :device-android:core-protocol:compileDebugJavaWithJavac NO-SOURCE
> Task :device-android:alert-sync:bundleLibCompileToJarDebug UP-TO-DATE
> Task :device-android:core-protocol:bundleLibCompileToJarDebug UP-TO-DATE
> Task :device-android:hardware-api:extractDeepLinksDebug UP-TO-DATE
> Task :device-android:communication-sync:compileDebugKotlin UP-TO-DATE
> Task :device-android:core-model:mergeDebugShaders UP-TO-DATE
> Task :device-android:core-model:compileDebugShaders NO-SOURCE
> Task :device-android:core-model:generateDebugAssets UP-TO-DATE
> Task :device-android:communication-sync:compileDebugJavaWithJavac NO-SOURCE
> Task :device-android:core-model:packageDebugAssets UP-TO-DATE
> Task :device-android:communication-sync:bundleLibCompileToJarDebug UP-TO-DATE
> Task :device-android:feature-connectivity:processDebugManifest UP-TO-DATE
> Task :device-android:core-protocol:bundleLibRuntimeToJarDebug UP-TO-DATE
> Task :device-android:feature-location:compileDebugKotlin UP-TO-DATE
> Task :device-android:communication-sync:bundleLibRuntimeToJarDebug UP-TO-DATE
> Task :device-android:feature-connectivity:mergeDebugShaders UP-TO-DATE
> Task :device-android:feature-connectivity:compileDebugShaders NO-SOURCE
> Task :device-android:feature-connectivity:generateDebugAssets UP-TO-DATE
> Task :device-android:feature-location:compileDebugJavaWithJavac NO-SOURCE
> Task :device-android:feature-location:bundleLibCompileToJarDebug UP-TO-DATE
> Task :device-android:feature-connectivity:packageDebugAssets UP-TO-DATE
> Task :device-android:feature-location:bundleLibRuntimeToJarDebug UP-TO-DATE
> Task :device-android:alert-sync:bundleLibRuntimeToJarDebug UP-TO-DATE
> Task :device-android:webrtc-runtime:compileDebugKotlin UP-TO-DATE
> Task :device-android:location-sync:compileDebugKotlin UP-TO-DATE
> Task :device-android:location-sync:compileDebugJavaWithJavac NO-SOURCE
> Task :device-android:webrtc-runtime:compileDebugJavaWithJavac NO-SOURCE
> Task :device-android:location-sync:bundleLibCompileToJarDebug UP-TO-DATE
> Task :device-android:media-sync:compileDebugKotlin UP-TO-DATE
> Task :device-android:webrtc-runtime:bundleLibCompileToJarDebug UP-TO-DATE
> Task :device-android:location-sync:bundleLibRuntimeToJarDebug UP-TO-DATE
> Task :device-android:media-sync:compileDebugJavaWithJavac NO-SOURCE
> Task :device-android:webrtc-runtime:bundleLibRuntimeToJarDebug UP-TO-DATE
> Task :device-android:media-sync:bundleLibCompileToJarDebug UP-TO-DATE
> Task :device-android:media-sync:bundleLibRuntimeToJarDebug UP-TO-DATE
> Task :device-android:service-runtime:desugarDebugAndroidTestFileDependencies UP-TO-DATE
> Task :device-android:core-model:bundleLibRuntimeToJarDebug UP-TO-DATE
> Task :device-android:feature-connectivity:bundleLibRuntimeToJarDebug UP-TO-DATE
> Task :device-android:feature-connectivity:processDebugJavaRes UP-TO-DATE
> Task :device-android:communication-sync:processDebugJavaRes UP-TO-DATE
> Task :device-android:alert-sync:processDebugJavaRes UP-TO-DATE
> Task :device-android:hardware-api:compileDebugKotlin UP-TO-DATE
> Task :device-android:core-protocol:processDebugJavaRes UP-TO-DATE
> Task :device-android:core-model:processDebugJavaRes UP-TO-DATE
> Task :device-android:location-sync:processDebugJavaRes UP-TO-DATE
> Task :device-android:feature-location:processDebugJavaRes UP-TO-DATE
> Task :device-android:core-protocol:bundleLibRuntimeToDirDebug UP-TO-DATE
> Task :device-android:communication-sync:bundleLibRuntimeToDirDebug UP-TO-DATE
> Task :device-android:media-sync:processDebugJavaRes UP-TO-DATE
> Task :device-android:webrtc-runtime:processDebugJavaRes UP-TO-DATE
> Task :device-android:location-sync:bundleLibRuntimeToDirDebug UP-TO-DATE
> Task :device-android:feature-location:bundleLibRuntimeToDirDebug UP-TO-DATE
> Task :device-android:alert-sync:bundleLibRuntimeToDirDebug UP-TO-DATE
> Task :device-android:media-sync:bundleLibRuntimeToDirDebug UP-TO-DATE
> Task :device-android:webrtc-runtime:bundleLibRuntimeToDirDebug UP-TO-DATE
> Task :device-android:core-model:bundleLibRuntimeToDirDebug UP-TO-DATE
> Task :device-android:feature-connectivity:bundleLibRuntimeToDirDebug UP-TO-DATE
> Task :device-android:core-model:mergeDebugJniLibFolders UP-TO-DATE
> Task :device-android:hardware-api:compileDebugJavaWithJavac UP-TO-DATE
> Task :device-android:feature-connectivity:mergeDebugJniLibFolders UP-TO-DATE
> Task :device-android:core-model:mergeDebugNativeLibs NO-SOURCE
> Task :device-android:hardware-api:bundleLibCompileToJarDebug UP-TO-DATE
> Task :device-android:feature-connectivity:mergeDebugNativeLibs NO-SOURCE
> Task :device-android:feature-connectivity:copyDebugJniLibsProjectOnly UP-TO-DATE
> Task :device-android:hardware-api:processDebugManifest UP-TO-DATE
> Task :device-android:core-model:copyDebugJniLibsProjectOnly UP-TO-DATE
> Task :device-android:hardware-api:mergeDebugShaders UP-TO-DATE
> Task :device-android:service-runtime:checkDebugAndroidTestAarMetadata UP-TO-DATE
> Task :device-android:hardware-api:compileDebugShaders NO-SOURCE
> Task :device-android:hardware-api:generateDebugAssets UP-TO-DATE
> Task :device-android:hardware-api:packageDebugAssets UP-TO-DATE
> Task :device-android:hardware-api:bundleLibRuntimeToJarDebug UP-TO-DATE
> Task :device-android:data-local:kaptGenerateStubsDebugKotlin UP-TO-DATE
> Task :device-android:hardware-api:processDebugJavaRes UP-TO-DATE
> Task :device-android:hardware-api:bundleLibRuntimeToDirDebug UP-TO-DATE
> Task :device-android:service-runtime:mapDebugAndroidTestSourceSetPaths UP-TO-DATE
> Task :device-android:hardware-api:mergeDebugJniLibFolders UP-TO-DATE
> Task :device-android:hardware-api:mergeDebugNativeLibs NO-SOURCE
> Task :device-android:hardware-api:copyDebugJniLibsProjectOnly UP-TO-DATE
> Task :device-android:data-local:kaptDebugKotlin UP-TO-DATE
> Task :device-android:service-runtime:mergeDebugAndroidTestResources UP-TO-DATE
> Task :device-android:service-runtime:processDebugAndroidTestManifest UP-TO-DATE
> Task :device-android:data-local:compileDebugKotlin UP-TO-DATE
> Task :device-android:data-local:compileDebugJavaWithJavac UP-TO-DATE
> Task :device-android:data-local:bundleLibCompileToJarDebug UP-TO-DATE
> Task :device-android:data-local:bundleLibRuntimeToJarDebug UP-TO-DATE
> Task :device-android:data-local:processDebugJavaRes UP-TO-DATE
> Task :device-android:service-runtime:processDebugAndroidTestResources UP-TO-DATE
> Task :device-android:service-runtime:mergeDebugAndroidTestAssets UP-TO-DATE
> Task :device-android:service-runtime:compressDebugAndroidTestAssets UP-TO-DATE
> Task :device-android:data-local:bundleLibRuntimeToDirDebug UP-TO-DATE
> Task :device-android:service-runtime:checkDebugAndroidTestDuplicateClasses UP-TO-DATE
> Task :device-android:feature-camera:compileDebugKotlin UP-TO-DATE
> Task :device-android:feature-camera:compileDebugJavaWithJavac NO-SOURCE
> Task :device-android:feature-camera:bundleLibCompileToJarDebug UP-TO-DATE
> Task :device-android:feature-camera:bundleLibRuntimeToJarDebug UP-TO-DATE
> Task :device-android:feature-camera:processDebugJavaRes UP-TO-DATE
> Task :device-android:feature-camera:bundleLibRuntimeToDirDebug UP-TO-DATE
> Task :device-android:service-runtime:mergeExtDexDebugAndroidTest UP-TO-DATE
> Task :device-android:service-runtime:compileDebugKotlin UP-TO-DATE
> Task :device-android:service-runtime:compileDebugJavaWithJavac NO-SOURCE
> Task :device-android:service-runtime:bundleLibCompileToJarDebug UP-TO-DATE
> Task :device-android:service-runtime:compileDebugAndroidTestKotlin UP-TO-DATE
> Task :device-android:service-runtime:compileDebugAndroidTestJavaWithJavac NO-SOURCE
> Task :device-android:service-runtime:bundleLibRuntimeToJarDebug UP-TO-DATE
> Task :device-android:service-runtime:dexBuilderDebugAndroidTest UP-TO-DATE
> Task :device-android:service-runtime:mergeDebugAndroidTestGlobalSynthetics UP-TO-DATE
> Task :device-android:service-runtime:processDebugAndroidTestJavaRes UP-TO-DATE
> Task :device-android:service-runtime:processDebugJavaRes UP-TO-DATE
> Task :device-android:service-runtime:mergeDebugAndroidTestJavaResource UP-TO-DATE
> Task :device-android:service-runtime:bundleLibRuntimeToDirDebug UP-TO-DATE
> Task :device-android:service-runtime:mergeProjectDexDebugAndroidTest UP-TO-DATE
> Task :device-android:service-runtime:mergeDebugJniLibFolders UP-TO-DATE
> Task :device-android:service-runtime:mergeDebugNativeLibs NO-SOURCE
> Task :device-android:service-runtime:copyDebugJniLibsProjectOnly UP-TO-DATE
> Task :device-android:service-runtime:mergeDebugAndroidTestJniLibFolders UP-TO-DATE
> Task :device-android:service-runtime:mergeLibDexDebugAndroidTest UP-TO-DATE
> Task :device-android:service-runtime:mergeDebugAndroidTestNativeLibs UP-TO-DATE
> Task :device-android:service-runtime:stripDebugAndroidTestDebugSymbols UP-TO-DATE
> Task :device-android:service-runtime:validateSigningDebugAndroidTest UP-TO-DATE
> Task :device-android:service-runtime:writeDebugAndroidTestSigningConfigVersions UP-TO-DATE
> Task :device-android:service-runtime:packageDebugAndroidTest UP-TO-DATE
> Task :device-android:service-runtime:createDebugAndroidTestApkListingFileRedirect UP-TO-DATE

> Task :device-android:service-runtime:connectedDebugAndroidTest
Starting 4 tests on QUAD-CORE H618 p1 - 12

Finished 4 tests on QUAD-CORE H618 p1 - 12

Deprecated Gradle features were used in this build, making it incompatible with Gradle 9.0.

You can use '--warning-mode all' to show the individual deprecation warnings and determine if they come from your own scripts or plugins.

For more on this, please refer to https://docs.gradle.org/8.9/userguide/command_line_interface.html#sec:command_line_warnings in the Gradle documentation.

BUILD SUCCESSFUL in 21s
294 actionable tasks: 14 executed, 280 up-to-date
