> Task :device-android:core-model:checkKotlinGradlePluginConfigurationErrors
> Task :device-android:webrtc-runtime:checkKotlinGradlePluginConfigurationErrors
> Task :device-android:webrtc-runtime:preBuild UP-TO-DATE
> Task :device-android:webrtc-runtime:preDebugBuild UP-TO-DATE
> Task :device-android:core-model:preBuild UP-TO-DATE
> Task :device-android:core-model:preDebugBuild UP-TO-DATE
> Task :device-android:webrtc-runtime:generateDebugResValues UP-TO-DATE
> Task :device-android:core-model:generateDebugResValues UP-TO-DATE
> Task :device-android:webrtc-runtime:generateDebugResources UP-TO-DATE
> Task :device-android:core-model:generateDebugResources UP-TO-DATE
> Task :device-android:core-model:packageDebugResources UP-TO-DATE
> Task :device-android:webrtc-runtime:packageDebugResources UP-TO-DATE
> Task :device-android:core-model:parseDebugLocalResources UP-TO-DATE
> Task :device-android:webrtc-runtime:parseDebugLocalResources UP-TO-DATE
> Task :device-android:core-model:generateDebugRFile UP-TO-DATE
> Task :device-android:webrtc-runtime:generateDebugRFile UP-TO-DATE
> Task :device-android:webrtc-runtime:javaPreCompileDebug UP-TO-DATE
> Task :device-android:webrtc-runtime:preDebugAndroidTestBuild UP-TO-DATE
> Task :device-android:webrtc-runtime:writeDebugAarMetadata UP-TO-DATE
> Task :device-android:webrtc-runtime:compileDebugLibraryResources UP-TO-DATE
> Task :device-android:webrtc-runtime:generateDebugAndroidTestResValues UP-TO-DATE
> Task :device-android:core-model:compileDebugKotlin UP-TO-DATE
> Task :device-android:core-model:javaPreCompileDebug UP-TO-DATE
> Task :device-android:core-model:compileDebugJavaWithJavac NO-SOURCE
> Task :device-android:core-model:bundleLibCompileToJarDebug UP-TO-DATE
> Task :device-android:core-model:compileDebugLibraryResources UP-TO-DATE
> Task :device-android:core-model:writeDebugAarMetadata UP-TO-DATE
> Task :device-android:core-model:extractDeepLinksDebug UP-TO-DATE
> Task :device-android:core-model:processDebugManifest UP-TO-DATE
> Task :device-android:core-model:mergeDebugShaders UP-TO-DATE
> Task :device-android:core-model:compileDebugShaders NO-SOURCE
> Task :device-android:core-model:generateDebugAssets UP-TO-DATE
> Task :device-android:core-model:packageDebugAssets UP-TO-DATE
> Task :device-android:core-model:bundleLibRuntimeToJarDebug UP-TO-DATE
> Task :device-android:core-model:processDebugJavaRes UP-TO-DATE
> Task :device-android:core-model:bundleLibRuntimeToDirDebug UP-TO-DATE
> Task :device-android:core-model:mergeDebugJniLibFolders UP-TO-DATE
> Task :device-android:core-model:mergeDebugNativeLibs NO-SOURCE
> Task :device-android:core-model:copyDebugJniLibsProjectOnly UP-TO-DATE
> Task :device-android:webrtc-runtime:mapDebugAndroidTestSourceSetPaths UP-TO-DATE
> Task :device-android:webrtc-runtime:checkDebugAndroidTestAarMetadata UP-TO-DATE
> Task :device-android:webrtc-runtime:generateDebugAndroidTestResources UP-TO-DATE
> Task :device-android:webrtc-runtime:mergeDebugAndroidTestResources UP-TO-DATE
> Task :device-android:webrtc-runtime:extractDeepLinksDebug UP-TO-DATE
> Task :device-android:webrtc-runtime:processDebugManifest UP-TO-DATE
> Task :device-android:webrtc-runtime:processDebugAndroidTestManifest UP-TO-DATE
> Task :device-android:webrtc-runtime:processDebugAndroidTestResources UP-TO-DATE
> Task :device-android:webrtc-runtime:javaPreCompileDebugAndroidTest UP-TO-DATE
> Task :device-android:webrtc-runtime:mergeDebugAndroidTestShaders UP-TO-DATE
> Task :device-android:webrtc-runtime:compileDebugAndroidTestShaders NO-SOURCE
> Task :device-android:webrtc-runtime:generateDebugAndroidTestAssets UP-TO-DATE
> Task :device-android:webrtc-runtime:mergeDebugShaders UP-TO-DATE
> Task :device-android:webrtc-runtime:compileDebugShaders NO-SOURCE
> Task :device-android:webrtc-runtime:generateDebugAssets UP-TO-DATE
> Task :device-android:webrtc-runtime:packageDebugAssets UP-TO-DATE
> Task :device-android:webrtc-runtime:mergeDebugAndroidTestAssets UP-TO-DATE
> Task :device-android:webrtc-runtime:compressDebugAndroidTestAssets UP-TO-DATE
> Task :device-android:webrtc-runtime:desugarDebugAndroidTestFileDependencies UP-TO-DATE
> Task :device-android:webrtc-runtime:checkDebugAndroidTestDuplicateClasses UP-TO-DATE
> Task :device-android:webrtc-runtime:mergeExtDexDebugAndroidTest UP-TO-DATE
> Task :device-android:webrtc-runtime:mergeDebugJniLibFolders UP-TO-DATE
> Task :device-android:webrtc-runtime:mergeDebugNativeLibs NO-SOURCE
> Task :device-android:webrtc-runtime:copyDebugJniLibsProjectOnly UP-TO-DATE
> Task :device-android:webrtc-runtime:mergeDebugAndroidTestJniLibFolders UP-TO-DATE
> Task :device-android:webrtc-runtime:mergeDebugAndroidTestNativeLibs UP-TO-DATE
> Task :device-android:webrtc-runtime:stripDebugAndroidTestDebugSymbols UP-TO-DATE
> Task :device-android:webrtc-runtime:validateSigningDebugAndroidTest UP-TO-DATE
> Task :device-android:webrtc-runtime:writeDebugAndroidTestSigningConfigVersions UP-TO-DATE
> Task :device-android:webrtc-runtime:compileDebugKotlin
> Task :device-android:webrtc-runtime:compileDebugJavaWithJavac NO-SOURCE
> Task :device-android:webrtc-runtime:processDebugJavaRes UP-TO-DATE
> Task :device-android:webrtc-runtime:bundleLibRuntimeToJarDebug
> Task :device-android:webrtc-runtime:bundleLibCompileToJarDebug
> Task :device-android:webrtc-runtime:bundleLibRuntimeToDirDebug
> Task :device-android:webrtc-runtime:mergeLibDexDebugAndroidTest
> Task :device-android:webrtc-runtime:compileDebugAndroidTestKotlin
> Task :device-android:webrtc-runtime:compileDebugAndroidTestJavaWithJavac NO-SOURCE
> Task :device-android:webrtc-runtime:dexBuilderDebugAndroidTest
> Task :device-android:webrtc-runtime:mergeDebugAndroidTestGlobalSynthetics UP-TO-DATE
> Task :device-android:webrtc-runtime:processDebugAndroidTestJavaRes UP-TO-DATE
> Task :device-android:webrtc-runtime:mergeDebugAndroidTestJavaResource UP-TO-DATE
> Task :device-android:webrtc-runtime:mergeProjectDexDebugAndroidTest
> Task :device-android:webrtc-runtime:packageDebugAndroidTest
> Task :device-android:webrtc-runtime:createDebugAndroidTestApkListingFileRedirect UP-TO-DATE

> Task :device-android:webrtc-runtime:connectedDebugAndroidTest
Starting 2 tests on QUAD-CORE H618 p1 - 12

Finished 2 tests on QUAD-CORE H618 p1 - 12

BUILD SUCCESSFUL in 14s
69 actionable tasks: 12 executed, 57 up-to-date
