> Task :native-hardware-service:preBuild UP-TO-DATE
> Task :device-android:data-local:preBuild UP-TO-DATE
> Task :device-android:feature-camera:preBuild UP-TO-DATE
> Task :device-android:location-sync:preBuild UP-TO-DATE
> Task :device-android:feature-location:preBuild UP-TO-DATE
> Task :native-hardware-service:preDebugBuild UP-TO-DATE
> Task :device-android:hardware-api:preBuild UP-TO-DATE
> Task :device-android:hardware-api:preDebugBuild UP-TO-DATE
> Task :device-android:app:preBuild UP-TO-DATE
> Task :device-android:feature-connectivity:preBuild UP-TO-DATE
> Task :device-android:data-local:preDebugBuild UP-TO-DATE
> Task :device-android:feature-connectivity:preDebugBuild UP-TO-DATE
> Task :device-android:app:preDebugBuild UP-TO-DATE
> Task :device-android:feature-location:preDebugBuild UP-TO-DATE
> Task :device-android:core-model:checkKotlinGradlePluginConfigurationErrors
> Task :device-android:core-protocol:checkKotlinGradlePluginConfigurationErrors
> Task :device-android:core-model:preBuild UP-TO-DATE
> Task :device-android:location-sync:preDebugBuild UP-TO-DATE
> Task :device-android:feature-camera:preDebugBuild UP-TO-DATE
> Task :device-android:core-protocol:preBuild UP-TO-DATE
> Task :device-android:core-model:preDebugBuild UP-TO-DATE
> Task :device-android:core-protocol:preDebugBuild UP-TO-DATE
> Task :device-android:data-local:writeDebugAarMetadata UP-TO-DATE
> Task :device-android:media-sync:preBuild UP-TO-DATE
> Task :device-android:media-sync:preDebugBuild UP-TO-DATE
> Task :device-android:app:mergeDebugNativeDebugMetadata NO-SOURCE
> Task :device-android:app:checkKotlinGradlePluginConfigurationErrors
> Task :device-android:feature-camera:writeDebugAarMetadata UP-TO-DATE
> Task :device-android:feature-connectivity:writeDebugAarMetadata UP-TO-DATE
> Task :device-android:feature-location:writeDebugAarMetadata UP-TO-DATE
> Task :device-android:location-sync:writeDebugAarMetadata UP-TO-DATE
> Task :device-android:core-model:generateDebugResValues UP-TO-DATE
> Task :device-android:core-protocol:generateDebugResValues UP-TO-DATE
> Task :device-android:media-sync:writeDebugAarMetadata UP-TO-DATE
> Task :device-android:service-runtime:preBuild UP-TO-DATE
> Task :device-android:service-runtime:preDebugBuild UP-TO-DATE
> Task :device-android:core-protocol:generateDebugResources UP-TO-DATE
> Task :device-android:data-local:generateDebugResValues UP-TO-DATE
> Task :device-android:app:generateDebugBuildConfig UP-TO-DATE
> Task :device-android:feature-camera:generateDebugResValues UP-TO-DATE
> Task :device-android:core-model:generateDebugResources UP-TO-DATE
> Task :device-android:service-runtime:writeDebugAarMetadata UP-TO-DATE
> Task :device-android:feature-connectivity:generateDebugResValues UP-TO-DATE
> Task :device-android:feature-location:generateDebugResValues UP-TO-DATE
> Task :device-android:app:generateDebugResValues UP-TO-DATE
> Task :device-android:data-local:generateDebugResources UP-TO-DATE
> Task :device-android:feature-camera:generateDebugResources UP-TO-DATE
> Task :device-android:feature-connectivity:generateDebugResources UP-TO-DATE
> Task :device-android:feature-location:generateDebugResources UP-TO-DATE
> Task :device-android:location-sync:generateDebugResValues UP-TO-DATE
> Task :device-android:media-sync:generateDebugResValues UP-TO-DATE
> Task :device-android:location-sync:generateDebugResources UP-TO-DATE
> Task :device-android:core-model:packageDebugResources UP-TO-DATE
> Task :device-android:media-sync:generateDebugResources UP-TO-DATE
> Task :device-android:core-protocol:packageDebugResources UP-TO-DATE
> Task :device-android:data-local:packageDebugResources UP-TO-DATE
> Task :device-android:feature-camera:packageDebugResources UP-TO-DATE
> Task :device-android:service-runtime:generateDebugResValues UP-TO-DATE
> Task :device-android:app:generateDebugResources UP-TO-DATE
> Task :device-android:location-sync:packageDebugResources UP-TO-DATE
> Task :device-android:service-runtime:generateDebugResources UP-TO-DATE
> Task :device-android:feature-location:packageDebugResources UP-TO-DATE
> Task :device-android:feature-connectivity:packageDebugResources UP-TO-DATE
> Task :device-android:core-protocol:parseDebugLocalResources UP-TO-DATE
> Task :device-android:core-model:parseDebugLocalResources UP-TO-DATE
> Task :device-android:media-sync:packageDebugResources UP-TO-DATE
> Task :device-android:data-local:extractDeepLinksDebug UP-TO-DATE
> Task :device-android:feature-camera:extractDeepLinksDebug UP-TO-DATE
> Task :device-android:feature-connectivity:extractDeepLinksDebug UP-TO-DATE
> Task :device-android:feature-location:extractDeepLinksDebug UP-TO-DATE
> Task :device-android:app:packageDebugResources UP-TO-DATE
> Task :device-android:core-model:generateDebugRFile UP-TO-DATE
> Task :device-android:core-protocol:generateDebugRFile UP-TO-DATE
> Task :device-android:service-runtime:packageDebugResources UP-TO-DATE
> Task :device-android:core-protocol:javaPreCompileDebug UP-TO-DATE
> Task :device-android:location-sync:extractDeepLinksDebug UP-TO-DATE
> Task :native-hardware-service:configureCMakeDebug[arm64-v8a]
> Task :device-android:app:parseDebugLocalResources UP-TO-DATE
> Task :device-android:data-local:processDebugManifest UP-TO-DATE
> Task :device-android:feature-camera:processDebugManifest UP-TO-DATE
> Task :device-android:feature-connectivity:processDebugManifest UP-TO-DATE
> Task :device-android:feature-location:processDebugManifest UP-TO-DATE
> Task :device-android:core-protocol:writeDebugAarMetadata UP-TO-DATE
> Task :device-android:app:createDebugCompatibleScreenManifests UP-TO-DATE
> Task :device-android:data-local:compileDebugLibraryResources UP-TO-DATE
> Task :device-android:feature-camera:compileDebugLibraryResources UP-TO-DATE
> Task :device-android:media-sync:extractDeepLinksDebug UP-TO-DATE
> Task :device-android:core-protocol:extractDeepLinksDebug UP-TO-DATE
> Task :device-android:service-runtime:extractDeepLinksDebug UP-TO-DATE
> Task :device-android:app:extractDeepLinksDebug UP-TO-DATE
> Task :device-android:feature-camera:parseDebugLocalResources UP-TO-DATE
> Task :device-android:data-local:parseDebugLocalResources UP-TO-DATE
> Task :device-android:location-sync:processDebugManifest UP-TO-DATE
> Task :device-android:hardware-api:compileDebugAidl UP-TO-DATE
> Task :device-android:hardware-api:checkKotlinGradlePluginConfigurationErrors
> Task :device-android:core-model:compileDebugKotlin UP-TO-DATE
> Task :device-android:media-sync:processDebugManifest UP-TO-DATE
> Task :device-android:service-runtime:processDebugManifest UP-TO-DATE
> Task :device-android:feature-location:compileDebugLibraryResources UP-TO-DATE
> Task :device-android:feature-connectivity:compileDebugLibraryResources UP-TO-DATE
> Task :device-android:hardware-api:generateDebugResValues UP-TO-DATE
> Task :device-android:feature-camera:generateDebugRFile UP-TO-DATE
> Task :device-android:data-local:generateDebugRFile UP-TO-DATE
> Task :device-android:core-protocol:processDebugManifest UP-TO-DATE
> Task :device-android:data-local:checkKotlinGradlePluginConfigurationErrors
> Task :device-android:core-model:javaPreCompileDebug UP-TO-DATE
> Task :device-android:location-sync:compileDebugLibraryResources UP-TO-DATE
> Task :device-android:hardware-api:generateDebugResources UP-TO-DATE
> Task :device-android:media-sync:compileDebugLibraryResources UP-TO-DATE
> Task :device-android:core-protocol:compileDebugLibraryResources UP-TO-DATE
> Task :device-android:service-runtime:compileDebugLibraryResources UP-TO-DATE
> Task :device-android:feature-camera:checkKotlinGradlePluginConfigurationErrors
> Task :device-android:feature-location:parseDebugLocalResources UP-TO-DATE
> Task :device-android:location-sync:parseDebugLocalResources UP-TO-DATE
> Task :device-android:feature-camera:javaPreCompileDebug UP-TO-DATE
> Task :device-android:feature-connectivity:parseDebugLocalResources UP-TO-DATE
> Task :device-android:core-model:compileDebugJavaWithJavac NO-SOURCE
> Task :device-android:media-sync:parseDebugLocalResources UP-TO-DATE
> Task :device-android:app:javaPreCompileDebug UP-TO-DATE
> Task :device-android:service-runtime:parseDebugLocalResources UP-TO-DATE
> Task :device-android:hardware-api:packageDebugResources UP-TO-DATE
> Task :device-android:feature-location:generateDebugRFile UP-TO-DATE
> Task :device-android:core-model:bundleLibCompileToJarDebug UP-TO-DATE
> Task :device-android:location-sync:generateDebugRFile UP-TO-DATE
> Task :device-android:feature-location:checkKotlinGradlePluginConfigurationErrors
> Task :device-android:app:mergeDebugShaders UP-TO-DATE
> Task :device-android:feature-connectivity:generateDebugRFile UP-TO-DATE
> Task :device-android:location-sync:checkKotlinGradlePluginConfigurationErrors
> Task :device-android:core-model:writeDebugAarMetadata UP-TO-DATE
> Task :device-android:hardware-api:parseDebugLocalResources UP-TO-DATE
> Task :device-android:feature-connectivity:checkKotlinGradlePluginConfigurationErrors
> Task :device-android:service-runtime:generateDebugRFile UP-TO-DATE
> Task :device-android:media-sync:generateDebugRFile UP-TO-DATE
> Task :device-android:service-runtime:checkKotlinGradlePluginConfigurationErrors
> Task :device-android:media-sync:checkKotlinGradlePluginConfigurationErrors
> Task :device-android:core-model:extractDeepLinksDebug UP-TO-DATE
> Task :device-android:service-runtime:javaPreCompileDebug UP-TO-DATE
> Task :native-hardware-service:buildCMakeDebug[arm64-v8a]
> Task :device-android:hardware-api:generateDebugRFile UP-TO-DATE
> Task :device-android:core-protocol:compileDebugKotlin UP-TO-DATE
> Task :device-android:hardware-api:javaPreCompileDebug UP-TO-DATE
> Task :device-android:app:compileDebugShaders NO-SOURCE
> Task :device-android:core-model:processDebugManifest UP-TO-DATE
> Task :device-android:app:generateDebugAssets UP-TO-DATE
> Task :device-android:hardware-api:writeDebugAarMetadata UP-TO-DATE
> Task :device-android:core-model:compileDebugLibraryResources UP-TO-DATE
> Task :device-android:data-local:javaPreCompileDebug UP-TO-DATE
> Task :device-android:feature-camera:mergeDebugShaders UP-TO-DATE
> Task :device-android:hardware-api:extractDeepLinksDebug UP-TO-DATE
> Task :device-android:location-sync:compileDebugKotlin UP-TO-DATE
> Task :device-android:core-model:mergeDebugShaders UP-TO-DATE
> Task :device-android:feature-camera:compileDebugShaders NO-SOURCE
> Task :device-android:feature-camera:generateDebugAssets UP-TO-DATE
> Task :device-android:feature-connectivity:compileDebugKotlin UP-TO-DATE
> Task :device-android:feature-location:compileDebugKotlin UP-TO-DATE
> Task :device-android:core-protocol:compileDebugJavaWithJavac NO-SOURCE
> Task :device-android:location-sync:javaPreCompileDebug UP-TO-DATE
> Task :device-android:feature-camera:packageDebugAssets UP-TO-DATE
> Task :device-android:hardware-api:processDebugManifest UP-TO-DATE
> Task :device-android:core-model:compileDebugShaders NO-SOURCE
> Task :device-android:feature-connectivity:javaPreCompileDebug UP-TO-DATE
> Task :device-android:core-model:generateDebugAssets UP-TO-DATE
> Task :device-android:media-sync:compileDebugKotlin UP-TO-DATE
> Task :device-android:hardware-api:compileDebugLibraryResources UP-TO-DATE
> Task :device-android:core-protocol:bundleLibCompileToJarDebug UP-TO-DATE
> Task :device-android:feature-location:javaPreCompileDebug UP-TO-DATE
> Task :device-android:service-runtime:mergeDebugShaders UP-TO-DATE
> Task :device-android:core-model:packageDebugAssets UP-TO-DATE
> Task :native-hardware-service:configureCMakeDebug[armeabi-v7a]
> Task :device-android:media-sync:javaPreCompileDebug UP-TO-DATE
> Task :device-android:core-protocol:mergeDebugShaders UP-TO-DATE
> Task :device-android:location-sync:compileDebugJavaWithJavac NO-SOURCE
> Task :device-android:service-runtime:compileDebugShaders NO-SOURCE
> Task :device-android:feature-connectivity:compileDebugJavaWithJavac NO-SOURCE
> Task :device-android:service-runtime:generateDebugAssets UP-TO-DATE
> Task :device-android:feature-location:compileDebugJavaWithJavac NO-SOURCE
> Task :device-android:core-protocol:compileDebugShaders NO-SOURCE
> Task :device-android:media-sync:compileDebugJavaWithJavac NO-SOURCE
> Task :device-android:core-model:bundleLibRuntimeToJarDebug UP-TO-DATE
> Task :device-android:core-protocol:generateDebugAssets UP-TO-DATE
> Task :device-android:location-sync:bundleLibCompileToJarDebug UP-TO-DATE
> Task :device-android:feature-connectivity:bundleLibCompileToJarDebug UP-TO-DATE
> Task :device-android:feature-location:bundleLibCompileToJarDebug UP-TO-DATE
> Task :device-android:core-protocol:packageDebugAssets UP-TO-DATE
> Task :device-android:service-runtime:packageDebugAssets UP-TO-DATE
> Task :device-android:media-sync:bundleLibCompileToJarDebug UP-TO-DATE
> Task :device-android:location-sync:mergeDebugShaders UP-TO-DATE
> Task :device-android:feature-connectivity:mergeDebugShaders UP-TO-DATE
> Task :device-android:core-protocol:bundleLibRuntimeToJarDebug UP-TO-DATE
> Task :device-android:feature-location:mergeDebugShaders UP-TO-DATE
> Task :device-android:media-sync:mergeDebugShaders UP-TO-DATE
> Task :device-android:feature-connectivity:compileDebugShaders NO-SOURCE
> Task :device-android:location-sync:compileDebugShaders NO-SOURCE
> Task :device-android:media-sync:compileDebugShaders NO-SOURCE
> Task :device-android:feature-connectivity:generateDebugAssets UP-TO-DATE
> Task :device-android:location-sync:generateDebugAssets UP-TO-DATE
> Task :device-android:media-sync:generateDebugAssets UP-TO-DATE
> Task :device-android:core-model:processDebugJavaRes UP-TO-DATE
> Task :device-android:location-sync:packageDebugAssets UP-TO-DATE
> Task :device-android:feature-location:compileDebugShaders NO-SOURCE
> Task :device-android:hardware-api:compileDebugKotlin UP-TO-DATE
> Task :device-android:feature-location:generateDebugAssets UP-TO-DATE
> Task :device-android:feature-connectivity:packageDebugAssets UP-TO-DATE
> Task :device-android:media-sync:packageDebugAssets UP-TO-DATE
> Task :device-android:core-protocol:processDebugJavaRes UP-TO-DATE
> Task :device-android:location-sync:bundleLibRuntimeToJarDebug UP-TO-DATE
> Task :device-android:core-model:bundleLibRuntimeToDirDebug UP-TO-DATE
> Task :device-android:feature-location:packageDebugAssets UP-TO-DATE
> Task :device-android:core-protocol:bundleLibRuntimeToDirDebug UP-TO-DATE
> Task :device-android:feature-connectivity:bundleLibRuntimeToJarDebug UP-TO-DATE
> Task :device-android:media-sync:bundleLibRuntimeToJarDebug UP-TO-DATE
> Task :device-android:feature-location:bundleLibRuntimeToJarDebug UP-TO-DATE
> Task :device-android:location-sync:processDebugJavaRes UP-TO-DATE
> Task :device-android:feature-connectivity:processDebugJavaRes UP-TO-DATE
> Task :device-android:feature-location:processDebugJavaRes UP-TO-DATE
> Task :device-android:media-sync:processDebugJavaRes UP-TO-DATE
> Task :device-android:feature-location:bundleLibRuntimeToDirDebug UP-TO-DATE
> Task :device-android:feature-connectivity:bundleLibRuntimeToDirDebug UP-TO-DATE
> Task :device-android:location-sync:bundleLibRuntimeToDirDebug UP-TO-DATE
> Task :device-android:media-sync:bundleLibRuntimeToDirDebug UP-TO-DATE
> Task :device-android:hardware-api:compileDebugJavaWithJavac UP-TO-DATE
> Task :device-android:core-model:mergeDebugJniLibFolders UP-TO-DATE
> Task :device-android:core-model:mergeDebugNativeLibs NO-SOURCE
> Task :device-android:core-protocol:mergeDebugJniLibFolders UP-TO-DATE
> Task :device-android:hardware-api:bundleLibCompileToJarDebug UP-TO-DATE
> Task :device-android:feature-camera:mergeDebugJniLibFolders UP-TO-DATE
> Task :device-android:feature-connectivity:mergeDebugJniLibFolders UP-TO-DATE
> Task :device-android:core-model:copyDebugJniLibsProjectOnly UP-TO-DATE
> Task :device-android:feature-location:mergeDebugJniLibFolders UP-TO-DATE
> Task :device-android:core-protocol:mergeDebugNativeLibs NO-SOURCE
> Task :device-android:location-sync:mergeDebugJniLibFolders UP-TO-DATE
> Task :device-android:media-sync:mergeDebugJniLibFolders UP-TO-DATE
> Task :device-android:hardware-api:mergeDebugShaders UP-TO-DATE
> Task :device-android:core-protocol:copyDebugJniLibsProjectOnly UP-TO-DATE
> Task :device-android:feature-connectivity:mergeDebugNativeLibs NO-SOURCE
> Task :device-android:feature-location:mergeDebugNativeLibs NO-SOURCE
> Task :device-android:feature-camera:mergeDebugNativeLibs NO-SOURCE
> Task :device-android:hardware-api:compileDebugShaders NO-SOURCE
> Task :device-android:hardware-api:generateDebugAssets UP-TO-DATE
> Task :device-android:location-sync:mergeDebugNativeLibs NO-SOURCE
> Task :device-android:feature-connectivity:copyDebugJniLibsProjectOnly UP-TO-DATE
> Task :device-android:service-runtime:mergeDebugJniLibFolders UP-TO-DATE
> Task :device-android:media-sync:mergeDebugNativeLibs NO-SOURCE
> Task :device-android:feature-location:copyDebugJniLibsProjectOnly UP-TO-DATE
> Task :device-android:feature-camera:copyDebugJniLibsProjectOnly UP-TO-DATE
> Task :device-android:hardware-api:packageDebugAssets UP-TO-DATE
> Task :device-android:core-model:stripDebugDebugSymbols NO-SOURCE
> Task :device-android:service-runtime:mergeDebugNativeLibs NO-SOURCE
> Task :device-android:feature-camera:stripDebugDebugSymbols NO-SOURCE
> Task :device-android:core-protocol:stripDebugDebugSymbols NO-SOURCE
> Task :device-android:location-sync:copyDebugJniLibsProjectOnly UP-TO-DATE
> Task :device-android:media-sync:copyDebugJniLibsProjectOnly UP-TO-DATE
> Task :native-hardware-service:buildCMakeDebug[armeabi-v7a]
> Task :device-android:feature-connectivity:stripDebugDebugSymbols NO-SOURCE
> Task :device-android:feature-location:stripDebugDebugSymbols NO-SOURCE
> Task :device-android:service-runtime:copyDebugJniLibsProjectOnly UP-TO-DATE
> Task :device-android:core-model:copyDebugJniLibsProjectAndLocalJars UP-TO-DATE
> Task :device-android:feature-camera:copyDebugJniLibsProjectAndLocalJars UP-TO-DATE
> Task :device-android:hardware-api:bundleLibRuntimeToJarDebug UP-TO-DATE
> Task :device-android:core-protocol:copyDebugJniLibsProjectAndLocalJars UP-TO-DATE
> Task :device-android:feature-connectivity:copyDebugJniLibsProjectAndLocalJars UP-TO-DATE
> Task :device-android:location-sync:stripDebugDebugSymbols NO-SOURCE
> Task :device-android:feature-location:copyDebugJniLibsProjectAndLocalJars UP-TO-DATE
> Task :device-android:hardware-api:processDebugJavaRes UP-TO-DATE
> Task :device-android:data-local:kaptGenerateStubsDebugKotlin UP-TO-DATE
> Task :device-android:feature-camera:extractDeepLinksForAarDebug UP-TO-DATE
> Task :device-android:feature-camera:prepareDebugArtProfile UP-TO-DATE
> Task :device-android:location-sync:copyDebugJniLibsProjectAndLocalJars UP-TO-DATE
> Task :device-android:hardware-api:bundleLibRuntimeToDirDebug UP-TO-DATE
> Task :device-android:feature-camera:prepareLintJarForPublish UP-TO-DATE
> Task :device-android:hardware-api:mergeDebugJniLibFolders UP-TO-DATE
> Task :device-android:media-sync:stripDebugDebugSymbols NO-SOURCE
> Task :device-android:hardware-api:mergeDebugNativeLibs NO-SOURCE
> Task :device-android:media-sync:copyDebugJniLibsProjectAndLocalJars UP-TO-DATE
> Task :native-hardware-service:configureCMakeDebug[x86]
> Task :device-android:hardware-api:copyDebugJniLibsProjectOnly UP-TO-DATE
> Task :device-android:hardware-api:stripDebugDebugSymbols NO-SOURCE
> Task :device-android:hardware-api:copyDebugJniLibsProjectAndLocalJars UP-TO-DATE
> Task :device-android:app:desugarDebugFileDependencies UP-TO-DATE
> Task :device-android:feature-location:extractDebugAnnotations UP-TO-DATE
> Task :device-android:media-sync:extractDebugAnnotations UP-TO-DATE
> Task :device-android:data-local:kaptDebugKotlin UP-TO-DATE
> Task :device-android:core-protocol:extractDebugAnnotations UP-TO-DATE
> Task :device-android:location-sync:extractDebugAnnotations UP-TO-DATE
> Task :device-android:feature-location:extractDeepLinksForAarDebug UP-TO-DATE
> Task :device-android:media-sync:extractDeepLinksForAarDebug UP-TO-DATE
> Task :device-android:hardware-api:extractDebugAnnotations UP-TO-DATE
> Task :device-android:location-sync:extractDeepLinksForAarDebug UP-TO-DATE
> Task :device-android:core-protocol:extractDeepLinksForAarDebug UP-TO-DATE
> Task :device-android:feature-location:mergeDebugGeneratedProguardFiles UP-TO-DATE
> Task :device-android:media-sync:mergeDebugGeneratedProguardFiles UP-TO-DATE
> Task :device-android:hardware-api:extractDeepLinksForAarDebug UP-TO-DATE
> Task :device-android:core-protocol:mergeDebugGeneratedProguardFiles UP-TO-DATE
> Task :device-android:location-sync:mergeDebugGeneratedProguardFiles UP-TO-DATE
> Task :device-android:feature-location:mergeDebugConsumerProguardFiles UP-TO-DATE
> Task :device-android:media-sync:mergeDebugConsumerProguardFiles UP-TO-DATE
> Task :device-android:hardware-api:mergeDebugGeneratedProguardFiles UP-TO-DATE
> Task :device-android:core-protocol:mergeDebugConsumerProguardFiles UP-TO-DATE
> Task :device-android:media-sync:prepareDebugArtProfile UP-TO-DATE
> Task :device-android:location-sync:mergeDebugConsumerProguardFiles UP-TO-DATE
> Task :device-android:feature-location:prepareDebugArtProfile UP-TO-DATE
> Task :device-android:core-protocol:prepareDebugArtProfile UP-TO-DATE
> Task :device-android:hardware-api:mergeDebugConsumerProguardFiles UP-TO-DATE
> Task :device-android:media-sync:prepareLintJarForPublish UP-TO-DATE
> Task :device-android:location-sync:prepareDebugArtProfile UP-TO-DATE
> Task :device-android:feature-location:prepareLintJarForPublish UP-TO-DATE
> Task :device-android:core-protocol:prepareLintJarForPublish UP-TO-DATE
> Task :device-android:hardware-api:prepareDebugArtProfile UP-TO-DATE
> Task :device-android:media-sync:mergeDebugJavaResource UP-TO-DATE
> Task :device-android:location-sync:prepareLintJarForPublish UP-TO-DATE
> Task :device-android:hardware-api:prepareLintJarForPublish UP-TO-DATE
> Task :device-android:media-sync:syncDebugLibJars UP-TO-DATE
> Task :device-android:feature-location:mergeDebugJavaResource UP-TO-DATE
> Task :device-android:core-protocol:mergeDebugJavaResource UP-TO-DATE
> Task :device-android:location-sync:mergeDebugJavaResource UP-TO-DATE
> Task :device-android:hardware-api:mergeDebugJavaResource UP-TO-DATE
> Task :device-android:data-local:compileDebugKotlin UP-TO-DATE
> Task :native-hardware-service:buildCMakeDebug[x86]
> Task :device-android:media-sync:bundleDebugAar UP-TO-DATE
> Task :device-android:hardware-api:syncDebugLibJars UP-TO-DATE
> Task :device-android:feature-location:syncDebugLibJars UP-TO-DATE
> Task :device-android:location-sync:syncDebugLibJars UP-TO-DATE
> Task :device-android:media-sync:assembleDebug UP-TO-DATE
> Task :device-android:core-model:extractDebugAnnotations UP-TO-DATE
> Task :device-android:feature-connectivity:extractDebugAnnotations UP-TO-DATE
> Task :device-android:hardware-api:bundleDebugAar UP-TO-DATE
> Task :device-android:hardware-api:assembleDebug UP-TO-DATE
> Task :device-android:service-runtime:stripDebugDebugSymbols NO-SOURCE
> Task :device-android:location-sync:bundleDebugAar UP-TO-DATE
> Task :device-android:location-sync:assembleDebug UP-TO-DATE
> Task :device-android:feature-location:bundleDebugAar UP-TO-DATE
> Task :device-android:service-runtime:copyDebugJniLibsProjectAndLocalJars UP-TO-DATE
> Task :device-android:feature-location:assembleDebug UP-TO-DATE
> Task :device-android:data-local:compileDebugJavaWithJavac UP-TO-DATE
> Task :device-android:core-model:extractDeepLinksForAarDebug UP-TO-DATE
> Task :device-android:feature-connectivity:extractDeepLinksForAarDebug UP-TO-DATE
> Task :device-android:service-runtime:extractDeepLinksForAarDebug UP-TO-DATE
> Task :native-hardware-service:configureCMakeDebug[x86_64]
> Task :device-android:core-protocol:syncDebugLibJars UP-TO-DATE
> Task :device-android:feature-connectivity:mergeDebugGeneratedProguardFiles UP-TO-DATE
> Task :device-android:core-model:mergeDebugGeneratedProguardFiles UP-TO-DATE
> Task :device-android:service-runtime:prepareDebugArtProfile UP-TO-DATE
> Task :device-android:core-model:mergeDebugConsumerProguardFiles UP-TO-DATE
> Task :device-android:feature-connectivity:mergeDebugConsumerProguardFiles UP-TO-DATE
> Task :device-android:data-local:bundleLibCompileToJarDebug UP-TO-DATE
> Task :device-android:feature-connectivity:prepareDebugArtProfile UP-TO-DATE
> Task :device-android:data-local:mergeDebugShaders UP-TO-DATE
> Task :device-android:service-runtime:prepareLintJarForPublish UP-TO-DATE
> Task :device-android:core-protocol:bundleDebugAar UP-TO-DATE
> Task :device-android:data-local:compileDebugShaders NO-SOURCE
> Task :device-android:data-local:generateDebugAssets UP-TO-DATE
> Task :device-android:app:checkDebugDuplicateClasses UP-TO-DATE
> Task :device-android:data-local:packageDebugAssets UP-TO-DATE
> Task :device-android:data-local:bundleLibRuntimeToJarDebug UP-TO-DATE
> Task :device-android:core-model:prepareDebugArtProfile UP-TO-DATE
> Task :device-android:core-model:prepareLintJarForPublish UP-TO-DATE
> Task :device-android:core-protocol:assembleDebug UP-TO-DATE
> Task :device-android:core-model:mergeDebugJavaResource UP-TO-DATE
> Task :device-android:core-model:syncDebugLibJars UP-TO-DATE
> Task :device-android:feature-connectivity:prepareLintJarForPublish UP-TO-DATE
> Task :device-android:core-model:bundleDebugAar UP-TO-DATE
> Task :device-android:feature-camera:compileDebugKotlin UP-TO-DATE
> Task :device-android:data-local:processDebugJavaRes UP-TO-DATE
> Task :device-android:feature-connectivity:mergeDebugJavaResource UP-TO-DATE
> Task :device-android:core-model:assembleDebug UP-TO-DATE
> Task :native-hardware-service:buildCMakeDebug[x86_64]
> Task :device-android:feature-camera:compileDebugJavaWithJavac NO-SOURCE
> Task :device-android:data-local:bundleLibRuntimeToDirDebug UP-TO-DATE
> Task :device-android:feature-connectivity:syncDebugLibJars UP-TO-DATE
> Task :native-hardware-service:mergeDebugJniLibFolders UP-TO-DATE
> Task :device-android:data-local:mergeDebugJniLibFolders UP-TO-DATE
> Task :device-android:feature-camera:bundleLibCompileToJarDebug UP-TO-DATE
> Task :native-hardware-service:mergeDebugNativeLibs UP-TO-DATE
> Task :device-android:feature-camera:bundleLibRuntimeToJarDebug UP-TO-DATE
> Task :device-android:data-local:mergeDebugNativeLibs NO-SOURCE
> Task :device-android:app:mergeExtDexDebug UP-TO-DATE
> Task :native-hardware-service:stripDebugDebugSymbols UP-TO-DATE
> Task :device-android:feature-camera:processDebugJavaRes UP-TO-DATE
> Task :device-android:data-local:copyDebugJniLibsProjectOnly UP-TO-DATE
> Task :device-android:feature-connectivity:bundleDebugAar UP-TO-DATE
> Task :device-android:feature-connectivity:assembleDebug UP-TO-DATE
> Task :native-hardware-service:copyDebugJniLibsProjectAndLocalJars UP-TO-DATE
> Task :device-android:app:mergeDebugJniLibFolders UP-TO-DATE
> Task :device-android:data-local:stripDebugDebugSymbols NO-SOURCE
> Task :native-hardware-service:checkKotlinGradlePluginConfigurationErrors
> Task :device-android:app:validateSigningDebug UP-TO-DATE
> Task :device-android:feature-camera:bundleLibRuntimeToDirDebug UP-TO-DATE
> Task :device-android:data-local:copyDebugJniLibsProjectAndLocalJars UP-TO-DATE
> Task :device-android:app:writeDebugAppMetadata UP-TO-DATE
> Task :native-hardware-service:generateDebugResValues UP-TO-DATE
> Task :device-android:app:writeDebugSigningConfigVersions UP-TO-DATE
> Task :native-hardware-service:generateDebugResources UP-TO-DATE
> Task :native-hardware-service:packageDebugResources UP-TO-DATE
> Task :device-android:feature-camera:extractDebugAnnotations UP-TO-DATE
> Task :device-android:data-local:extractDebugAnnotations UP-TO-DATE
> Task :native-hardware-service:parseDebugLocalResources UP-TO-DATE
> Task :device-android:feature-camera:mergeDebugGeneratedProguardFiles UP-TO-DATE
> Task :device-android:feature-camera:mergeDebugConsumerProguardFiles UP-TO-DATE
> Task :native-hardware-service:generateDebugRFile UP-TO-DATE
> Task :device-android:data-local:extractDeepLinksForAarDebug UP-TO-DATE
> Task :device-android:service-runtime:compileDebugKotlin UP-TO-DATE
> Task :device-android:feature-camera:mergeDebugJavaResource UP-TO-DATE
> Task :device-android:data-local:mergeDebugGeneratedProguardFiles UP-TO-DATE
> Task :device-android:service-runtime:compileDebugJavaWithJavac NO-SOURCE
> Task :device-android:feature-camera:syncDebugLibJars UP-TO-DATE
> Task :device-android:service-runtime:bundleLibCompileToJarDebug UP-TO-DATE
> Task :device-android:data-local:mergeDebugConsumerProguardFiles UP-TO-DATE
> Task :device-android:service-runtime:bundleLibRuntimeToJarDebug UP-TO-DATE
> Task :device-android:data-local:prepareDebugArtProfile UP-TO-DATE
> Task :device-android:data-local:prepareLintJarForPublish UP-TO-DATE
> Task :device-android:service-runtime:processDebugJavaRes UP-TO-DATE
> Task :device-android:app:mapDebugSourceSetPaths UP-TO-DATE
> Task :device-android:data-local:mergeDebugJavaResource UP-TO-DATE
> Task :device-android:service-runtime:bundleLibRuntimeToDirDebug UP-TO-DATE
> Task :device-android:feature-camera:bundleDebugAar
> Task :device-android:feature-camera:assembleDebug
> Task :native-hardware-service:compileDebugKotlin UP-TO-DATE
> Task :device-android:data-local:syncDebugLibJars UP-TO-DATE
> Task :device-android:service-runtime:extractDebugAnnotations UP-TO-DATE
> Task :device-android:data-local:bundleDebugAar UP-TO-DATE
> Task :device-android:app:mergeDebugResources UP-TO-DATE
> Task :device-android:data-local:assembleDebug UP-TO-DATE
> Task :device-android:service-runtime:mergeDebugGeneratedProguardFiles UP-TO-DATE
> Task :native-hardware-service:extractDebugAnnotations UP-TO-DATE
> Task :device-android:service-runtime:mergeDebugConsumerProguardFiles UP-TO-DATE
> Task :native-hardware-service:extractDeepLinksForAarDebug UP-TO-DATE
> Task :device-android:service-runtime:mergeDebugJavaResource UP-TO-DATE
> Task :native-hardware-service:javaPreCompileDebug UP-TO-DATE
> Task :device-android:service-runtime:syncDebugLibJars UP-TO-DATE
> Task :native-hardware-service:compileDebugJavaWithJavac NO-SOURCE
> Task :native-hardware-service:mergeDebugGeneratedProguardFiles UP-TO-DATE
> Task :device-android:service-runtime:bundleDebugAar UP-TO-DATE
> Task :device-android:service-runtime:assembleDebug UP-TO-DATE
> Task :native-hardware-service:mergeDebugConsumerProguardFiles UP-TO-DATE
> Task :native-hardware-service:mergeDebugShaders UP-TO-DATE
> Task :native-hardware-service:compileDebugShaders NO-SOURCE
> Task :native-hardware-service:generateDebugAssets UP-TO-DATE
> Task :native-hardware-service:packageDebugAssets UP-TO-DATE
> Task :native-hardware-service:prepareDebugArtProfile UP-TO-DATE
> Task :native-hardware-service:prepareLintJarForPublish UP-TO-DATE
> Task :native-hardware-service:processDebugManifest UP-TO-DATE
> Task :device-android:app:mergeDebugAssets UP-TO-DATE
> Task :native-hardware-service:processDebugJavaRes UP-TO-DATE
> Task :device-android:app:compressDebugAssets UP-TO-DATE
> Task :native-hardware-service:mergeDebugJavaResource UP-TO-DATE
> Task :native-hardware-service:syncDebugLibJars UP-TO-DATE
> Task :native-hardware-service:writeDebugAarMetadata UP-TO-DATE
> Task :native-hardware-service:bundleDebugAar UP-TO-DATE
> Task :native-hardware-service:assembleDebug UP-TO-DATE
> Task :native-hardware-service:bundleLibCompileToJarDebug UP-TO-DATE
> Task :native-hardware-service:compileDebugLibraryResources UP-TO-DATE
> Task :native-hardware-service:extractDeepLinksDebug UP-TO-DATE
> Task :device-android:app:checkDebugAarMetadata UP-TO-DATE
> Task :native-hardware-service:bundleLibRuntimeToJarDebug UP-TO-DATE
> Task :native-hardware-service:bundleLibRuntimeToDirDebug UP-TO-DATE
> Task :native-hardware-service:copyDebugJniLibsProjectOnly UP-TO-DATE
> Task :device-android:app:processDebugMainManifest UP-TO-DATE
> Task :device-android:app:processDebugManifest UP-TO-DATE
> Task :device-android:app:processDebugManifestForPackage UP-TO-DATE
> Task :device-android:app:processDebugResources UP-TO-DATE
> Task :device-android:app:compileDebugKotlin UP-TO-DATE
> Task :device-android:app:compileDebugJavaWithJavac UP-TO-DATE
> Task :device-android:app:dexBuilderDebug UP-TO-DATE
> Task :device-android:app:mergeDebugGlobalSynthetics UP-TO-DATE
> Task :device-android:app:processDebugJavaRes UP-TO-DATE
> Task :device-android:app:mergeDebugJavaResource UP-TO-DATE
> Task :device-android:app:mergeProjectDexDebug UP-TO-DATE
> Task :device-android:app:mergeDebugNativeLibs UP-TO-DATE
> Task :device-android:app:stripDebugDebugSymbols UP-TO-DATE
> Task :device-android:app:mergeLibDexDebug
> Task :device-android:app:packageDebug
> Task :device-android:app:createDebugApkListingFileRedirect UP-TO-DATE
> Task :device-android:app:assembleDebug

Deprecated Gradle features were used in this build, making it incompatible with Gradle 9.0.

You can use '--warning-mode all' to show the individual deprecation warnings and determine if they come from your own scripts or plugins.

For more on this, please refer to https://docs.gradle.org/8.9/userguide/command_line_interface.html#sec:command_line_warnings in the Gradle documentation.

BUILD SUCCESSFUL in 1s
383 actionable tasks: 23 executed, 360 up-to-date
