To honour the JVM settings for this build a single-use Daemon process will be forked. For more on this, please refer to https://docs.gradle.org/8.9/userguide/gradle_daemon.html#sec:disabling_the_daemon in the Gradle documentation.
Daemon will be stopped at the end of the build 
> Task :device-android:feature-camera:preBuild UP-TO-DATE
> Task :device-android:hardware-api:preBuild UP-TO-DATE
> Task :device-android:media-sync:preBuild UP-TO-DATE
> Task :device-android:data-local:preBuild UP-TO-DATE
> Task :device-android:app:preBuild UP-TO-DATE
> Task :device-android:service-runtime:preBuild UP-TO-DATE
> Task :device-android:feature-camera:preDebugBuild UP-TO-DATE
> Task :device-android:media-sync:preDebugBuild UP-TO-DATE
> Task :device-android:app:preDebugBuild UP-TO-DATE
> Task :device-android:data-local:preDebugBuild UP-TO-DATE
> Task :device-android:hardware-api:preDebugBuild UP-TO-DATE
> Task :device-android:service-runtime:preDebugBuild UP-TO-DATE
> Task :device-android:core-protocol:checkKotlinGradlePluginConfigurationErrors
> Task :device-android:core-model:checkKotlinGradlePluginConfigurationErrors
> Task :native-hardware-service:checkKotlinGradlePluginConfigurationErrors
> Task :device-android:core-protocol:preBuild UP-TO-DATE
> Task :native-hardware-service:preBuild UP-TO-DATE
> Task :device-android:core-model:preBuild UP-TO-DATE
> Task :device-android:app:mergeDebugNativeDebugMetadata NO-SOURCE
> Task :device-android:core-protocol:preDebugBuild UP-TO-DATE
> Task :native-hardware-service:preDebugBuild UP-TO-DATE
> Task :device-android:core-model:preDebugBuild UP-TO-DATE
> Task :device-android:app:checkKotlinGradlePluginConfigurationErrors
> Task :device-android:core-protocol:generateDebugResValues UP-TO-DATE
> Task :device-android:app:generateDebugBuildConfig UP-TO-DATE
> Task :device-android:data-local:writeDebugAarMetadata UP-TO-DATE
> Task :device-android:service-runtime:writeDebugAarMetadata UP-TO-DATE
> Task :device-android:media-sync:writeDebugAarMetadata UP-TO-DATE
> Task :device-android:core-model:generateDebugResValues UP-TO-DATE
> Task :native-hardware-service:generateDebugResValues UP-TO-DATE
> Task :device-android:feature-camera:writeDebugAarMetadata UP-TO-DATE
> Task :device-android:app:generateDebugResValues UP-TO-DATE
> Task :device-android:media-sync:generateDebugResValues UP-TO-DATE
> Task :device-android:data-local:generateDebugResValues UP-TO-DATE
> Task :device-android:feature-camera:generateDebugResValues UP-TO-DATE
> Task :device-android:service-runtime:generateDebugResValues UP-TO-DATE
> Task :device-android:core-model:generateDebugResources UP-TO-DATE
> Task :native-hardware-service:generateDebugResources UP-TO-DATE
> Task :device-android:core-protocol:generateDebugResources UP-TO-DATE
> Task :device-android:media-sync:generateDebugResources UP-TO-DATE
> Task :device-android:feature-camera:generateDebugResources UP-TO-DATE
> Task :device-android:app:generateDebugResources UP-TO-DATE
> Task :device-android:data-local:generateDebugResources UP-TO-DATE
> Task :device-android:service-runtime:generateDebugResources UP-TO-DATE
> Task :device-android:app:packageDebugResources UP-TO-DATE
> Task :device-android:feature-camera:packageDebugResources UP-TO-DATE
> Task :device-android:core-protocol:packageDebugResources UP-TO-DATE
> Task :device-android:media-sync:packageDebugResources UP-TO-DATE
> Task :device-android:data-local:packageDebugResources UP-TO-DATE
> Task :device-android:core-model:packageDebugResources UP-TO-DATE
> Task :native-hardware-service:packageDebugResources UP-TO-DATE
> Task :device-android:service-runtime:packageDebugResources UP-TO-DATE
> Task :device-android:data-local:extractDeepLinksDebug UP-TO-DATE
> Task :device-android:service-runtime:extractDeepLinksDebug UP-TO-DATE
> Task :device-android:media-sync:extractDeepLinksDebug UP-TO-DATE
> Task :device-android:feature-camera:extractDeepLinksDebug UP-TO-DATE
> Task :device-android:service-runtime:processDebugManifest UP-TO-DATE
> Task :device-android:feature-camera:processDebugManifest UP-TO-DATE
> Task :device-android:media-sync:processDebugManifest UP-TO-DATE
> Task :device-android:data-local:processDebugManifest UP-TO-DATE
> Task :device-android:data-local:compileDebugLibraryResources UP-TO-DATE
> Task :native-hardware-service:parseDebugLocalResources UP-TO-DATE
> Task :device-android:app:parseDebugLocalResources UP-TO-DATE
> Task :device-android:service-runtime:compileDebugLibraryResources UP-TO-DATE
> Task :device-android:core-protocol:parseDebugLocalResources UP-TO-DATE
> Task :device-android:media-sync:compileDebugLibraryResources UP-TO-DATE
> Task :device-android:core-model:parseDebugLocalResources UP-TO-DATE
> Task :device-android:feature-camera:compileDebugLibraryResources UP-TO-DATE
> Task :device-android:app:createDebugCompatibleScreenManifests UP-TO-DATE
> Task :device-android:app:extractDeepLinksDebug UP-TO-DATE
> Task :device-android:data-local:parseDebugLocalResources UP-TO-DATE
> Task :native-hardware-service:generateDebugRFile UP-TO-DATE
> Task :device-android:service-runtime:parseDebugLocalResources UP-TO-DATE
> Task :device-android:core-model:generateDebugRFile UP-TO-DATE
> Task :device-android:feature-camera:parseDebugLocalResources UP-TO-DATE
> Task :device-android:core-protocol:generateDebugRFile UP-TO-DATE
> Task :device-android:media-sync:parseDebugLocalResources UP-TO-DATE
> Task :device-android:app:javaPreCompileDebug UP-TO-DATE
> Task :device-android:core-protocol:javaPreCompileDebug UP-TO-DATE
> Task :native-hardware-service:javaPreCompileDebug UP-TO-DATE
> Task :device-android:app:mergeDebugShaders UP-TO-DATE
> Task :device-android:data-local:generateDebugRFile UP-TO-DATE
> Task :device-android:service-runtime:generateDebugRFile UP-TO-DATE
> Task :device-android:core-protocol:writeDebugAarMetadata UP-TO-DATE
> Task :device-android:feature-camera:generateDebugRFile UP-TO-DATE
> Task :native-hardware-service:compileDebugLibraryResources UP-TO-DATE
> Task :device-android:media-sync:generateDebugRFile UP-TO-DATE
> Task :device-android:feature-camera:checkKotlinGradlePluginConfigurationErrors
> Task :device-android:data-local:checkKotlinGradlePluginConfigurationErrors
> Task :device-android:app:compileDebugShaders NO-SOURCE
> Task :device-android:app:generateDebugAssets UP-TO-DATE
> Task :device-android:service-runtime:checkKotlinGradlePluginConfigurationErrors
> Task :device-android:media-sync:checkKotlinGradlePluginConfigurationErrors
> Task :native-hardware-service:writeDebugAarMetadata UP-TO-DATE
> Task :device-android:core-protocol:extractDeepLinksDebug UP-TO-DATE
> Task :device-android:service-runtime:javaPreCompileDebug UP-TO-DATE
> Task :device-android:media-sync:javaPreCompileDebug UP-TO-DATE
> Task :native-hardware-service:extractDeepLinksDebug UP-TO-DATE
> Task :device-android:feature-camera:javaPreCompileDebug UP-TO-DATE
> Task :device-android:media-sync:mergeDebugShaders UP-TO-DATE
> Task :device-android:service-runtime:mergeDebugShaders UP-TO-DATE
> Task :device-android:media-sync:compileDebugShaders NO-SOURCE
> Task :device-android:media-sync:generateDebugAssets UP-TO-DATE
> Task :device-android:feature-camera:mergeDebugShaders UP-TO-DATE
> Task :device-android:service-runtime:compileDebugShaders NO-SOURCE
> Task :device-android:service-runtime:generateDebugAssets UP-TO-DATE
> Task :device-android:core-protocol:processDebugManifest UP-TO-DATE
> Task :device-android:media-sync:packageDebugAssets UP-TO-DATE
> Task :device-android:feature-camera:compileDebugShaders NO-SOURCE
> Task :device-android:feature-camera:generateDebugAssets UP-TO-DATE
> Task :device-android:service-runtime:packageDebugAssets UP-TO-DATE
> Task :device-android:core-protocol:compileDebugLibraryResources UP-TO-DATE
> Task :native-hardware-service:processDebugManifest UP-TO-DATE
> Task :device-android:service-runtime:mergeDebugJniLibFolders UP-TO-DATE
> Task :device-android:feature-camera:packageDebugAssets UP-TO-DATE
> Task :device-android:core-protocol:mergeDebugShaders UP-TO-DATE
> Task :native-hardware-service:mergeDebugShaders UP-TO-DATE
> Task :device-android:core-protocol:compileDebugShaders NO-SOURCE
> Task :device-android:core-protocol:generateDebugAssets UP-TO-DATE
> Task :device-android:service-runtime:mergeDebugNativeLibs NO-SOURCE
> Task :device-android:feature-camera:mergeDebugJniLibFolders UP-TO-DATE
> Task :native-hardware-service:compileDebugShaders NO-SOURCE
> Task :native-hardware-service:generateDebugAssets UP-TO-DATE
> Task :device-android:core-protocol:packageDebugAssets UP-TO-DATE
> Task :device-android:feature-camera:mergeDebugNativeLibs NO-SOURCE
> Task :native-hardware-service:packageDebugAssets UP-TO-DATE
> Task :device-android:core-protocol:mergeDebugJniLibFolders UP-TO-DATE
> Task :device-android:feature-camera:copyDebugJniLibsProjectOnly UP-TO-DATE
> Task :device-android:core-protocol:mergeDebugNativeLibs NO-SOURCE
> Task :device-android:core-protocol:copyDebugJniLibsProjectOnly UP-TO-DATE
> Task :device-android:app:desugarDebugFileDependencies UP-TO-DATE
> Task :device-android:data-local:javaPreCompileDebug UP-TO-DATE
> Task :device-android:service-runtime:copyDebugJniLibsProjectOnly UP-TO-DATE
> Task :device-android:media-sync:mergeDebugJniLibFolders UP-TO-DATE
> Task :device-android:media-sync:mergeDebugNativeLibs NO-SOURCE
> Task :device-android:hardware-api:compileDebugAidl UP-TO-DATE
> Task :device-android:media-sync:copyDebugJniLibsProjectOnly UP-TO-DATE
> Task :device-android:hardware-api:checkKotlinGradlePluginConfigurationErrors
> Task :device-android:hardware-api:generateDebugResValues UP-TO-DATE
> Task :device-android:hardware-api:generateDebugResources UP-TO-DATE
> Task :device-android:hardware-api:packageDebugResources UP-TO-DATE
> Task :device-android:data-local:mergeDebugShaders UP-TO-DATE
> Task :device-android:data-local:compileDebugShaders NO-SOURCE
> Task :device-android:data-local:generateDebugAssets UP-TO-DATE
> Task :device-android:hardware-api:parseDebugLocalResources UP-TO-DATE
> Task :device-android:core-model:compileDebugKotlin UP-TO-DATE
> Task :device-android:data-local:packageDebugAssets UP-TO-DATE
> Task :device-android:core-model:javaPreCompileDebug UP-TO-DATE
> Task :device-android:data-local:mergeDebugJniLibFolders UP-TO-DATE
> Task :device-android:hardware-api:generateDebugRFile UP-TO-DATE
> Task :device-android:hardware-api:javaPreCompileDebug UP-TO-DATE
> Task :device-android:data-local:mergeDebugNativeLibs NO-SOURCE
> Task :device-android:core-model:compileDebugJavaWithJavac NO-SOURCE
> Task :device-android:hardware-api:writeDebugAarMetadata UP-TO-DATE
> Task :device-android:data-local:copyDebugJniLibsProjectOnly UP-TO-DATE
> Task :device-android:core-model:bundleLibCompileToJarDebug UP-TO-DATE
> Task :device-android:hardware-api:extractDeepLinksDebug UP-TO-DATE
> Task :device-android:core-model:writeDebugAarMetadata UP-TO-DATE
> Task :device-android:core-model:extractDeepLinksDebug UP-TO-DATE
> Task :device-android:core-model:processDebugManifest UP-TO-DATE
> Task :device-android:hardware-api:processDebugManifest UP-TO-DATE
> Task :device-android:core-model:compileDebugLibraryResources UP-TO-DATE
> Task :device-android:hardware-api:compileDebugLibraryResources UP-TO-DATE
> Task :device-android:core-model:mergeDebugShaders UP-TO-DATE
> Task :device-android:hardware-api:mergeDebugShaders UP-TO-DATE
> Task :device-android:app:checkDebugDuplicateClasses UP-TO-DATE
> Task :device-android:core-model:compileDebugShaders NO-SOURCE
> Task :device-android:hardware-api:compileDebugShaders NO-SOURCE
> Task :device-android:hardware-api:generateDebugAssets UP-TO-DATE
> Task :device-android:core-model:generateDebugAssets UP-TO-DATE
> Task :device-android:core-model:packageDebugAssets UP-TO-DATE
> Task :device-android:hardware-api:packageDebugAssets UP-TO-DATE
> Task :device-android:core-model:bundleLibRuntimeToJarDebug UP-TO-DATE
> Task :device-android:hardware-api:mergeDebugJniLibFolders UP-TO-DATE
> Task :device-android:hardware-api:mergeDebugNativeLibs NO-SOURCE
> Task :device-android:hardware-api:copyDebugJniLibsProjectOnly UP-TO-DATE
> Task :device-android:core-model:processDebugJavaRes UP-TO-DATE
> Task :device-android:core-model:bundleLibRuntimeToDirDebug UP-TO-DATE
> Task :device-android:core-protocol:compileDebugKotlin UP-TO-DATE
> Task :device-android:core-protocol:compileDebugJavaWithJavac NO-SOURCE
> Task :device-android:core-model:mergeDebugJniLibFolders UP-TO-DATE
> Task :device-android:core-protocol:bundleLibCompileToJarDebug UP-TO-DATE
> Task :device-android:core-model:mergeDebugNativeLibs NO-SOURCE
> Task :device-android:core-model:copyDebugJniLibsProjectOnly UP-TO-DATE
> Task :device-android:core-protocol:bundleLibRuntimeToJarDebug UP-TO-DATE
> Task :device-android:core-protocol:processDebugJavaRes UP-TO-DATE
> Task :device-android:core-protocol:bundleLibRuntimeToDirDebug UP-TO-DATE
> Task :device-android:media-sync:compileDebugKotlin UP-TO-DATE
> Task :device-android:media-sync:compileDebugJavaWithJavac NO-SOURCE
> Task :device-android:media-sync:bundleLibCompileToJarDebug UP-TO-DATE
> Task :device-android:media-sync:bundleLibRuntimeToJarDebug UP-TO-DATE
> Task :device-android:media-sync:processDebugJavaRes UP-TO-DATE
> Task :device-android:media-sync:bundleLibRuntimeToDirDebug UP-TO-DATE
> Task :device-android:app:checkDebugAarMetadata UP-TO-DATE
> Task :device-android:hardware-api:compileDebugKotlin UP-TO-DATE
> Task :device-android:data-local:kaptGenerateStubsDebugKotlin UP-TO-DATE
> Task :device-android:app:mapDebugSourceSetPaths UP-TO-DATE
> Task :device-android:hardware-api:compileDebugJavaWithJavac UP-TO-DATE
> Task :device-android:hardware-api:bundleLibCompileToJarDebug UP-TO-DATE
> Task :device-android:hardware-api:bundleLibRuntimeToJarDebug UP-TO-DATE
> Task :device-android:hardware-api:processDebugJavaRes UP-TO-DATE
> Task :device-android:hardware-api:bundleLibRuntimeToDirDebug UP-TO-DATE
> Task :device-android:app:mergeDebugResources UP-TO-DATE
> Task :device-android:data-local:kaptDebugKotlin UP-TO-DATE
> Task :device-android:app:processDebugMainManifest UP-TO-DATE
> Task :device-android:app:processDebugManifest UP-TO-DATE
> Task :device-android:app:processDebugManifestForPackage UP-TO-DATE
> Task :device-android:data-local:compileDebugKotlin UP-TO-DATE
> Task :device-android:data-local:compileDebugJavaWithJavac UP-TO-DATE
> Task :device-android:data-local:bundleLibCompileToJarDebug UP-TO-DATE
> Task :device-android:data-local:bundleLibRuntimeToJarDebug UP-TO-DATE
> Task :device-android:data-local:processDebugJavaRes UP-TO-DATE
> Task :device-android:data-local:bundleLibRuntimeToDirDebug UP-TO-DATE
> Task :native-hardware-service:configureCMakeDebug[arm64-v8a]
> Task :device-android:feature-camera:compileDebugKotlin UP-TO-DATE
> Task :device-android:feature-camera:compileDebugJavaWithJavac NO-SOURCE
> Task :device-android:feature-camera:bundleLibCompileToJarDebug UP-TO-DATE
> Task :device-android:app:processDebugResources UP-TO-DATE
> Task :device-android:feature-camera:bundleLibRuntimeToJarDebug UP-TO-DATE
> Task :device-android:feature-camera:processDebugJavaRes UP-TO-DATE
> Task :device-android:feature-camera:bundleLibRuntimeToDirDebug UP-TO-DATE
> Task :device-android:app:mergeDebugAssets UP-TO-DATE
> Task :device-android:app:compressDebugAssets UP-TO-DATE
> Task :device-android:app:mergeExtDexDebug UP-TO-DATE
> Task :native-hardware-service:compileDebugKotlin UP-TO-DATE
> Task :device-android:app:mergeDebugJniLibFolders UP-TO-DATE
> Task :native-hardware-service:compileDebugJavaWithJavac NO-SOURCE
> Task :device-android:app:validateSigningDebug UP-TO-DATE
> Task :native-hardware-service:bundleLibCompileToJarDebug UP-TO-DATE
> Task :device-android:app:writeDebugAppMetadata UP-TO-DATE
> Task :native-hardware-service:bundleLibRuntimeToJarDebug UP-TO-DATE
> Task :device-android:app:writeDebugSigningConfigVersions UP-TO-DATE
> Task :native-hardware-service:processDebugJavaRes UP-TO-DATE
> Task :native-hardware-service:bundleLibRuntimeToDirDebug UP-TO-DATE
> Task :native-hardware-service:buildCMakeDebug[arm64-v8a]
> Task :native-hardware-service:configureCMakeDebug[armeabi-v7a]
> Task :native-hardware-service:buildCMakeDebug[armeabi-v7a]
> Task :native-hardware-service:configureCMakeDebug[x86]
> Task :native-hardware-service:buildCMakeDebug[x86]
> Task :native-hardware-service:configureCMakeDebug[x86_64]
> Task :native-hardware-service:buildCMakeDebug[x86_64]
> Task :native-hardware-service:mergeDebugJniLibFolders UP-TO-DATE
> Task :native-hardware-service:mergeDebugNativeLibs UP-TO-DATE
> Task :native-hardware-service:copyDebugJniLibsProjectOnly UP-TO-DATE
> Task :device-android:app:mergeDebugNativeLibs UP-TO-DATE
> Task :device-android:app:stripDebugDebugSymbols UP-TO-DATE
> Task :device-android:service-runtime:compileDebugKotlin
> Task :device-android:service-runtime:compileDebugJavaWithJavac NO-SOURCE
> Task :device-android:service-runtime:processDebugJavaRes UP-TO-DATE
> Task :device-android:service-runtime:bundleLibRuntimeToDirDebug
> Task :device-android:service-runtime:bundleLibRuntimeToJarDebug
> Task :device-android:service-runtime:bundleLibCompileToJarDebug
> Task :device-android:app:compileDebugKotlin UP-TO-DATE
> Task :device-android:app:compileDebugJavaWithJavac UP-TO-DATE
> Task :device-android:app:dexBuilderDebug UP-TO-DATE
> Task :device-android:app:processDebugJavaRes UP-TO-DATE
> Task :device-android:app:mergeDebugJavaResource UP-TO-DATE
> Task :device-android:app:mergeProjectDexDebug UP-TO-DATE
> Task :device-android:app:mergeLibDexDebug
> Task :device-android:app:mergeDebugGlobalSynthetics UP-TO-DATE
> Task :device-android:app:packageDebug
> Task :device-android:app:createDebugApkListingFileRedirect UP-TO-DATE
> Task :device-android:app:assembleDebug

Deprecated Gradle features were used in this build, making it incompatible with Gradle 9.0.

You can use '--warning-mode all' to show the individual deprecation warnings and determine if they come from your own scripts or plugins.

For more on this, please refer to https://docs.gradle.org/8.9/userguide/command_line_interface.html#sec:command_line_warnings in the Gradle documentation.

BUILD SUCCESSFUL in 8s
212 actionable tasks: 23 executed, 189 up-to-date
